---
source: tests/int/list_command/flags.rs
info:
  program: crawk
  args:
    - "-p"
    - fixtures/modules
    - list
    - nesting
    - "-s"
---
success: true
exit_code: 0
----- stdout -----
nesting                          src/nesting/mod.rs
nesting::level1                  src/nesting/level1/mod.rs
nesting::level1::level2          src/nesting/level1/level2/mod.rs
nesting::level1::level2::level3  src/nesting/level1/level2/level3.rs

----- stderr -----
