---
source: tests/int/list_command/multi_target.rs
info:
  program: crawk
  args:
    - list
    - "--format"
    - table
---
success: true
exit_code: 0
----- stdout -----
+-----------+-----------------------+
| Target    | Module                |
+===================================+
| lib       | analyzer              |
|-----------+-----------------------|
| lib       | cache                 |
|-----------+-----------------------|
| lib       | constants             |
|-----------+-----------------------|
| lib       | discover              |
|-----------+-----------------------|
| lib       | discover::module_tree |
|-----------+-----------------------|
| lib       | error                 |
|-----------+-----------------------|
| lib       | graph                 |
|-----------+-----------------------|
| lib       | graph::cycles         |
|-----------+-----------------------|
| lib       | graph::edges          |
|-----------+-----------------------|
| lib       | graph::orphans        |
|-----------+-----------------------|
| lib       | lib                   |
|-----------+-----------------------|
| lib       | model                 |
|-----------+-----------------------|
| lib       | parser                |
|-----------+-----------------------|
| lib       | parser::visitor       |
|-----------+-----------------------|
| lib       | reference             |
|-----------+-----------------------|
| lib       | resolve               |
|-----------+-----------------------|
| lib       | utils                 |
|-----------+-----------------------|
| lib       | version               |
|-----------+-----------------------|
| bin:crawk | cli                   |
|-----------+-----------------------|
| bin:crawk | cli::overview         |
|-----------+-----------------------|
| bin:crawk | cli::validation       |
|-----------+-----------------------|
| bin:crawk | format                |
|-----------+-----------------------|
| bin:crawk | format::cycles        |
|-----------+-----------------------|
| bin:crawk | format::deps_cmd      |
|-----------+-----------------------|
| bin:crawk | format::list_cmd      |
|-----------+-----------------------|
| bin:crawk | format::orphans       |
|-----------+-----------------------|
| bin:crawk | format::use_cmd       |
|-----------+-----------------------|
| bin:crawk | logger                |
|-----------+-----------------------|
| bin:crawk | main                  |
+-----------+-----------------------+

----- stderr -----
