---
source: tests/int/list_command/basic.rs
info:
  program: crawk
  args:
    - list
    - crawk
---
success: true
exit_code: 0
----- stdout -----
analyzer
cache
constants
crawk
discover
discover::module_tree
error
graph
graph::cycles
graph::edges
graph::orphans
model
parser
parser::visitor
reference
resolve
utils
version

----- stderr -----
