---
source: tests/int/list_command/flags.rs
info:
  program: crawk
  args:
    - "-p"
    - /home/barcie/coding/crawk/fixtures/modules
    - list
    - "-d"
    - "1"
---
success: true
exit_code: 0
----- stdout -----
advanced_globs
baz
custom_path
dir_module
empty_module
file_module
foo
glob_patterns
glob_showcase
inline_modules
item_visibility
mixed
nesting
no_pub_items
reexports
uses_empty_glob
visibility

----- stderr -----
