---
source: tests/int/list_command/overview.rs
info:
  program: crawk
  args:
    - list
    - "--help"
---
success: true
exit_code: 0
----- stdout -----
List all modules in the crate

Discovers and displays the module structure of a Rust crate.
Always lists recursively; use --depth to limit visible levels.

Without MODULE_PATH: lists modules from all targets. When modules from
multiple distinct targets are found, each line is prefixed with a target
tag: [lib], [bin:name], [test:name]. Use --targets to always show the tag.

With MODULE_PATH: scopes to that module's subtree (root included).
Target tags are suppressed unless --targets is given.

Empty output (exit 0) means no modules matched the filters.

Note: global options (-p, -v, -l) must appear before the subcommand.

Usage: crawk list [OPTIONS] [MODULE_PATH]

Arguments:
  [MODULE_PATH]
          Module path to scope the listing (default: entire crate)
          
          e.g., "parser" lists only parser and its submodules

Options:
  -t, --include-tests
          Include modules defined in `#[cfg(test)]` blocks (excluded by default)

  -d, --depth <DEPTH>
          Show only modules at depth ≤ N (inclusive filter, not truncation).
          --depth 1: top-level only  (e.g. "parser")
          --depth 2: top-level + one nesting level (e.g. "parser", "parser::visitor")
          
          Note: unlike `use --depth`, this removes deeper modules entirely
          rather than truncating their paths.

  -F, --filter <FILTER>
          Filter modules by case-sensitive substring match on module path.
          
          e.g., --filter parser matches "parser", "parser::visitor"
                --filter Parser  → no results (module names are lowercase)

  -s, --source
          Show source file paths alongside module names

  -V, --visibility
          Show module visibility (pub, pub(crate), pub(super), …)

  -T, --targets
          Always show the target tag column ([lib], [bin:name], [test:name]).
          
          By default the tag is shown only when modules from multiple distinct
          targets are present. Use this flag to force the tag in any context —
          including when a MODULE_PATH is given or when only one target has modules.
          
          Useful for scripting when a consistent output format is required.

  -f, --format <FORMAT>
          Output format
          
          plain — one module per line (default)
          table — ASCII table with aligned columns

          Possible values:
          - plain: One module per line (default)
          - table: ASCII table with aligned columns
          
          [default: plain]

  -h, --help
          Print help (see a summary with '-h')

----- stderr -----
