---
source: tests/int/list_command/error_cases.rs
info:
  program: crawk
  args:
    - "-p"
    - fixtures/modules
    - list
    - "-d"
    - abc
---
success: false
exit_code: 2
----- stdout -----

----- stderr -----
error: invalid value 'abc' for '--depth <DEPTH>': 'abc' is not a valid number

For more information, try '--help'.
