---
source: tests/int/list_command/multi_target.rs
info:
  program: crawk
  args:
    - "-p"
    - /home/barcie/coding/crawk/fixtures/modules
    - list
    - "-t"
    - "-d"
    - "1"
---
success: true
exit_code: 0
----- stdout -----
[lib]              advanced_globs
[lib]              baz
[lib]              custom_path
[lib]              dir_module
[lib]              empty_module
[lib]              file_module
[lib]              foo
[lib]              glob_patterns
[lib]              glob_showcase
[lib]              inline_modules
[lib]              item_visibility
[lib]              mixed
[lib]              nesting
[lib]              no_pub_items
[lib]              reexports
[lib]              tests
[lib]              uses_empty_glob
[lib]              visibility
[test:integration] helpers

----- stderr -----
