---
source: tests/int/list_command/flags.rs
info:
  program: crawk
  args:
    - "-p"
    - fixtures/modules
    - list
    - "-V"
    - "-s"
---
success: true
exit_code: 0
----- stdout -----
[lib]             advanced_globs                          pub                        src/advanced_globs.rs
[lib]             advanced_globs::aliased_module          pub                        src/advanced_globs.rs
[lib]             advanced_globs::enum_variants           pub                        src/advanced_globs.rs
[lib]             advanced_globs::internal                                           src/advanced_globs.rs
[lib]             advanced_globs::layer1                  pub                        src/advanced_globs.rs
[lib]             advanced_globs::layer1::layer2          pub                        src/advanced_globs.rs
[lib]             advanced_globs::layer1::layer2::layer3  pub                        src/advanced_globs.rs
[lib]             advanced_globs::macro_module            pub                        src/advanced_globs.rs
[lib]             advanced_globs::original                pub                        src/advanced_globs.rs
[lib]             advanced_globs::prelude                 pub                        src/advanced_globs.rs
[lib]             advanced_globs::shadowing               pub                        src/advanced_globs.rs
[lib]             advanced_globs::trait_providers         pub                        src/advanced_globs.rs
[lib]             advanced_globs::unix_specific           pub                        src/advanced_globs.rs
[lib]             advanced_globs::windows_specific        pub                        src/advanced_globs.rs
[lib]             baz                                     pub                        src/baz.rs
[lib]             custom_path                             pub                        src/custom_path.rs
[lib]             dir_module                              pub                        src/dir_module/mod.rs
[lib]             dir_module::child_dir                   pub                        src/dir_module/child_dir/mod.rs
[lib]             dir_module::child_file                  pub                        src/dir_module/child_file.rs
[lib]             empty_module                            pub                        src/empty_module.rs
[lib]             file_module                             pub                        src/file_module.rs
[lib]             foo                                     pub                        src/foo/mod.rs
[lib]             foo::bar                                pub                        src/foo/bar.rs
[lib]             foo::other                              pub                        src/foo/other.rs
[lib]             glob_patterns                           pub                        src/glob_patterns.rs
[lib]             glob_patterns::constants                pub                        src/glob_patterns.rs
[lib]             glob_patterns::mixed_exports            pub                        src/glob_patterns.rs
[lib]             glob_patterns::outer                    pub                        src/glob_patterns.rs
[lib]             glob_patterns::outer::inner             pub                        src/glob_patterns.rs
[lib]             glob_patterns::self_ref                 pub                        src/glob_patterns.rs
[lib]             glob_patterns::set_a                    pub                        src/glob_patterns.rs
[lib]             glob_patterns::set_b                    pub                        src/glob_patterns.rs
[lib]             glob_patterns::traits                   pub                        src/glob_patterns.rs
[lib]             glob_patterns::types                    pub                        src/glob_patterns.rs
[lib]             glob_patterns::utilities                pub                        src/glob_patterns.rs
[lib]             glob_showcase                           pub                        src/glob_showcase.rs
[lib]             glob_showcase::api                      pub                        src/glob_showcase.rs
[lib]             glob_showcase::config                   pub                        src/glob_showcase.rs
[lib]             glob_showcase::config::all              pub                        src/glob_showcase.rs
[lib]             glob_showcase::config::client           pub                        src/glob_showcase.rs
[lib]             glob_showcase::config::logging          pub                        src/glob_showcase.rs
[lib]             glob_showcase::config::server           pub                        src/glob_showcase.rs
[lib]             glob_showcase::database                 pub                        src/glob_showcase.rs
[lib]             glob_showcase::database::connection     pub                        src/glob_showcase.rs
[lib]             glob_showcase::database::query          pub                        src/glob_showcase.rs
[lib]             glob_showcase::database::transaction    pub                        src/glob_showcase.rs
[lib]             glob_showcase::errors                   pub                        src/glob_showcase.rs
[lib]             glob_showcase::models                   pub                        src/glob_showcase.rs
[lib]             glob_showcase::prelude                  pub                        src/glob_showcase.rs
[lib]             glob_showcase::traits                   pub                        src/glob_showcase.rs
[lib]             glob_showcase::utils                    pub                        src/glob_showcase.rs
[lib]             glob_showcase::utils::collection        pub                        src/glob_showcase.rs
[lib]             glob_showcase::utils::math              pub                        src/glob_showcase.rs
[lib]             glob_showcase::utils::string            pub                        src/glob_showcase.rs
[lib]             group_patterns                          pub                        src/group_patterns.rs
[lib]             inline_modules                          pub                        src/inline_modules.rs
[lib]             inline_modules::inner                   pub                        src/inline_modules.rs
[lib]             inline_modules::nested                  pub                        src/inline_modules.rs
[lib]             inline_modules::nested::deep            pub                        src/inline_modules.rs
[lib]             inline_modules::private_inline                                     src/inline_modules.rs
[lib]             item_visibility                         pub                        src/item_visibility.rs
[lib]             lib                                     pub                        src/lib.rs
[lib]             mixed                                   pub                        src/mixed/mod.rs
[lib]             mixed::file_child                       pub                        src/mixed/file_child.rs
[lib]             mixed::inline_child                     pub                        src/mixed/mod.rs
[lib]             nesting                                 pub                        src/nesting/mod.rs
[lib]             nesting::level1                         pub                        src/nesting/level1/mod.rs
[lib]             nesting::level1::level2                 pub                        src/nesting/level1/level2/mod.rs
[lib]             nesting::level1::level2::level3         pub                        src/nesting/level1/level2/level3.rs
[lib]             no_pub_items                            pub                        src/no_pub_items.rs
[lib]             reexports                               pub                        src/reexports/mod.rs
[lib]             reexports::internal                                                src/reexports/internal.rs
[lib]             reexports::types                                                   src/reexports/types.rs
[lib]             uses_empty_glob                         pub                        src/uses_empty_glob.rs
[lib]             visibility                              pub                        src/visibility/mod.rs
[lib]             visibility::inner                       pub(crate)                 src/visibility/inner.rs
[lib]             visibility::private_mod                                            src/visibility/private_mod.rs
[lib]             visibility::pub_crate_mod               pub(crate)                 src/visibility/pub_crate_mod.rs
[lib]             visibility::pub_mod                     pub                        src/visibility/pub_mod.rs
[lib]             visibility::pub_super_mod               pub(super)                 src/visibility/pub_super_mod.rs
[lib]             visibility::restricted_mod              pub(in crate::visibility)  src/visibility/mod.rs
[bin:modules]     main                                    pub                        src/main.rs
[bin:modules-cli] app                                     pub                        src/app.rs

----- stderr -----
