---
source: tests/int/list_command/filter.rs
info:
  program: crawk
  args:
    - "-p"
    - /home/barcie/coding/crawk/fixtures/modules
    - list
    - "-F"
    - glob
    - "-d"
    - "1"
---
success: true
exit_code: 0
----- stdout -----
advanced_globs
glob_patterns
glob_showcase
uses_empty_glob

----- stderr -----
