---
source: tests/int/list_command/multi_target.rs
info:
  program: crawk
  args:
    - "-p"
    - /home/barcie/coding/crawk/fixtures/modules
    - list
    - nesting
---
success: true
exit_code: 0
----- stdout -----
nesting
nesting::level1
nesting::level1::level2
nesting::level1::level2::level3

----- stderr -----
