---
source: tests/int/list_command/filter.rs
info:
  program: crawk
  args:
    - "-p"
    - fixtures/modules
    - list
    - "-F"
    - glob
    - "-d"
    - "1"
---
success: true
exit_code: 0
----- stdout -----
[lib] advanced_globs
[lib] glob_patterns
[lib] glob_showcase
[lib] uses_empty_glob

----- stderr -----
