---
source: tests/int/use_command/own_modules.rs
info:
  program: crawk
  args:
    - use
    - parser
    - "-r"
    - "-t"
---
success: true
exit_code: 0
----- stdout -----
crate::cache::ParseCache
crate::constants::{PATH_QUALIFIER_CRATE, PATH_QUALIFIER_SELF, PATH_QUALIFIER_SUPER}
crate::parser::*
crate::parser::visitor::*
crate::reference::PathPrefix
crate::reference::TypeReference
crate::reference::{GroupItem, PathPrefix, TypeReference}
crate::utils::has_cfg_test
crate::utils::{MAX_FILE_BYTES, ReadFileError}
crate::utils::{ReadFileError, read_source_file}

----- stderr -----
