---
source: tests/int/use_command/include_tests.rs
info:
  program: crawk
  args:
    - "-p"
    - fixtures/modules
    - use
    - advanced_globs
    - "-t"
    - "-e"
---
success: true
exit_code: 0
----- stdout -----
crate::advanced_globs::internal::*
crate::dir_module::child_file
crate::file_module
crate::visibility

----- stderr -----
