---
source: tests/int/use_command/binaries.rs
info:
  program: crawk
  args:
    - "-p"
    - /home/barcie/coding/crawk/fixtures/modules
    - use
    - main
    - "-e"
    - "-d"
    - "2"
---
success: true
exit_code: 0
----- stdout -----
modules::advanced_globs::*
modules::dir_module
modules::file_module
modules::glob_patterns
modules::glob_patterns::*
modules::glob_showcase::*
modules::inline_modules
modules::item_visibility
modules::item_visibility::*
modules::mixed
modules::nesting
modules::reexports::*
modules::visibility

----- stderr -----
