---
source: tests/int/use_command/flags.rs
info:
  program: crawk
  args:
    - "-p"
    - fixtures/modules
    - use
    - glob_showcase
    - "-e"
    - "--resolve-globs"
---
success: true
exit_code: 0
----- stdout -----
crate::file_module::greet
crate::file_module::nesting_depth
crate::inline_modules::inner
crate::inline_modules::nested
crate::inline_modules::sibling_greet
crate::inline_modules::use_private
crate::nesting::level1::level2::depth
crate::nesting::level1::level2::level3
crate::nesting::level1::level2::root_depth

----- stderr -----
