---
source: tests/int/use_command/error_cases.rs
info:
  program: crawk
  args:
    - "-p"
    - /tmp/.tmpZ1ReY1
    - use
    - "main::tool::sub"
    - "-t"
---
success: true
exit_code: 0
----- stdout -----

----- stderr -----
WARN crate-root module discovery failed during bare-path top-up for 'tool::sub': Failed to parse file '[ROOT]/src/lib.rs': cannot parse string into token stream
