---
source: tests/int/use_command/own_modules.rs
info:
  program: crawk
  args:
    - use
    - parser
---
success: true
exit_code: 0
----- stdout -----
crate::cache::ParseCache
crate::reference::TypeReference
crate::utils::{ReadFileError, descend_inline_module, read_source_file}

----- stderr -----
