---
source: tests/int/use_command/flags.rs
info:
  program: crawk
  args:
    - "-p"
    - /home/barcie/coding/crawk/fixtures/modules
    - use
    - mixed
    - "-r"
    - "-e"
---
success: true
exit_code: 0
----- stdout -----
crate::custom_path::greet
crate::mixed::file_child::greet
crate::mixed::greet

----- stderr -----
