---
source: tests/int/use_command/own_modules.rs
info:
  program: crawk
  args:
    - use
    - crawk
    - "-r"
---
success: true
exit_code: 0
----- stdout -----
crate::AnalysisError::ModuleNotFound
crate::analyzer::Analyzer
crate::cache::ParseCache
crate::constants::PATH_QUALIFIER_SELF
crate::constants::{ATTR_CFG, MODULE_NAME_TEST}
crate::constants::{LIB_FILE_NAME, MAIN_FILE_NAME, MODULE_FILE_NAME}
crate::constants::{PATH_QUALIFIER_CRATE, PATH_QUALIFIER_SELF, PATH_QUALIFIER_SUPER}
crate::discover::CrateInfo
crate::discover::CrateInfoError
crate::discover::{CrateInfo, CrateInfoError, ModuleInfo, ModuleVisibility, Result, TargetInfo}
crate::discover::{CrateInfo, ModuleInfo, TargetInfo, TargetKind}
crate::discover::{ModuleInfo, ModuleVisibility, TargetInfo, TargetKind}
crate::error::AnalysisError
crate::error::Result
crate::error::{AnalysisError, Result}
crate::graph::cycles::Cycle
crate::graph::cycles::detect_cycles
crate::graph::edges
crate::graph::edges::AnnotatedEdges
crate::graph::edges::build_edges
crate::graph::edges::find_module_target
crate::graph::edges::truncate_module_path
crate::graph::edges::{AnnotatedEdges, Edge}
crate::graph::orphans::find_orphans
crate::graph::paths::ShortestPaths
crate::graph::paths::compute_shortest_paths
crate::graph::{AnnotatedEdges, Cycle, DependencyGraph, DependencyGraphOptions, Edge, ShortestPaths}
crate::graph::{self, DependencyGraph, DependencyGraphOptions}
crate::model::AnalysisResult
crate::model::{AnalysisOptions, AnalysisResult}
crate::parser::CrateAnalyzer
crate::parser::visitor
crate::parser::visitor::ModuleVisitor
crate::reference::GroupItem::Aliased
crate::reference::GroupItem::Glob
crate::reference::GroupItem::Simple
crate::reference::PathPrefix
crate::reference::TypeReference
crate::reference::{GroupItem, PathPrefix, PathSuffix, TypeReference}
crate::reference::{GroupItem, PathPrefix, TypeReference}
crate::reference::{PathPrefix, TypeReference}
crate::resolve::resolve_glob
crate::utils::has_cfg_test
crate::utils::{ReadFileError, descend_inline_module, read_source_file}
crate::utils::{descend_inline_module, read_source_file}

----- stderr -----
