---
source: tests/int/use_command/flags.rs
info:
  program: crawk
  args:
    - "-p"
    - /home/barcie/coding/crawk/modules
    - use
    - mixed
    - "-r"
    - "-e"
    - "--grouped"
    - "--resolve-globs"
---
success: true
exit_code: 0
----- stdout -----
mixed
mixed::file_child
 - crate::custom_path::greet
 - crate::mixed::greet
mixed::inline_child
 - crate::mixed::file_child::greet

----- stderr -----
