---
source: tests/int/use_command/edge_cases.rs
info:
  program: crawk
  args:
    - use
    - lib
    - "-r"
    - "-t"
    - "-e"
    - "-g"
    - "-G"
    - "-d"
    - "2"
---
success: true
exit_code: 0
----- stdout -----
lib
 - crate::module::analyzer
 - crate::module::discover
 - crate::module::path
 - crate::module::resolve
constants
module
module::analyzer
 - crate::constants::ATTR_CFG
 - crate::constants::MODULE_NAME_TEST
 - crate::constants::PATH_QUALIFIER_CRATE
 - crate::constants::PATH_QUALIFIER_SELF
 - crate::constants::PATH_QUALIFIER_SUPER
 - crate::module::path
module::analyzer::tests
 - crate::module::analyzer
module::discover
 - crate::constants::ATTR_CFG
 - crate::constants::LIB_FILE_NAME
 - crate::constants::MAIN_FILE_NAME
 - crate::constants::MODULE_FILE_NAME
 - crate::constants::MODULE_NAME_TEST
module::path
 - crate::constants::PATH_QUALIFIER_SELF
module::path::tests
 - crate::module::path
module::resolve
module::resolve::tests
 - crate::module::resolve
tests
 - crate::::*
version
version::build_info

----- stderr -----
