---
source: tests/int/use_command/own_modules.rs
info:
  program: crawk
  args:
    - use
    - main
    - "-r"
    - "-t"
    - "-e"
    - "--format"
    - grouped
    - "-G"
---
success: true
exit_code: 0
----- stdout -----
main
 - crate::cli::CrawkArgs
 - crate::cli::CrawkCommands
 - crate::cli::DepsArgs
 - crate::cli::DepsOutputFormat
 - crate::cli::ListArgs
 - crate::cli::ListOutputFormat
 - crate::cli::UseArgs
 - crate::cli::UseOutputFormat
 - crate::format::deps_cmd::build_edges
 - crate::format::deps_cmd::render_dot
 - crate::format::deps_cmd::render_grouped
 - crate::format::deps_cmd::render_plain
 - crate::format::list_cmd::ListDisplayOptions
 - crate::format::list_cmd::render_list_plain
 - crate::format::list_cmd::render_list_table
 - crate::format::use_cmd::render_flat
 - crate::format::use_cmd::render_grouped
 - crate::logger::configure_tracing
 - crawk::AnalysisOptions
 - crawk::Analyzer
 - crawk::version
cli
 - crate::cli::overview::generate_after_help
 - crate::cli::validation::validate_depth
 - crate::cli::validation::validate_module_path
 - crawk::version
cli::overview
 - crawk::version
cli::validation
cli::validation::tests
 - crate::cli::validation::validate_depth
 - crate::cli::validation::validate_module_path
format
format::deps_cmd
 - crawk::AnalysisResult
 - crawk::PathPrefix
format::deps_cmd::tests
 - crate::format::deps_cmd::AnnotatedEdges
 - crate::format::deps_cmd::Edge
 - crate::format::deps_cmd::build_edges
 - crate::format::deps_cmd::render_dot
 - crate::format::deps_cmd::render_grouped
 - crate::format::deps_cmd::render_plain
format::list_cmd
 - crawk::ModuleInfo
format::use_cmd
 - crawk::AnalysisResult
 - crawk::TypeReference
format::use_cmd::tests
 - crate::format::use_cmd::render_flat
 - crate::format::use_cmd::render_grouped
logger
 - crate::cli::CrawkArgs

----- stderr -----
