---
source: tests/int/use_command/flags.rs
info:
  program: crawk
  args:
    - "-p"
    - fixtures/modules
    - use
    - visibility
    - "-r"
    - "-e"
    - "--format"
    - grouped
    - "--resolve-globs"
---
success: true
exit_code: 0
----- stdout -----
visibility
 - crate::visibility::inner::uses_restricted
 - crate::visibility::private_mod::deepest_greet
 - crate::visibility::pub_crate_mod::parent_greet
 - crate::visibility::pub_super_mod::dir_module_greet
 - crate::visibility::restricted_mod::RestrictedConfig
 - crate::visibility::restricted_mod::VERSION
 - crate::visibility::restricted_mod::nesting_depth
visibility::inner
 - crate::visibility::InternalState
 - crate::visibility::demonstrate_access
 - crate::visibility::inner
 - crate::visibility::internal_helper
 - crate::visibility::pub_crate_mod
 - crate::visibility::pub_mod
 - crate::visibility::pub_super_mod
 - crate::visibility::restricted_mod
visibility::private_mod
 - crate::nesting::level1::level2::level3
visibility::pub_crate_mod
 - crate::visibility::pub_mod::greet
visibility::pub_mod
 - crate::file_module
visibility::pub_super_mod
 - crate::dir_module::greet
visibility::restricted_mod
 - crate::nesting

----- stderr -----
