---
source: tests/int/use_command/include_tests.rs
info:
  program: crawk
  args:
    - "-p"
    - fixtures/modules
    - use
    - inline_modules
    - "-t"
---
success: true
exit_code: 0
----- stdout -----
crate::file_module::greet
crate::inline_modules::private_inline::_secret

----- stderr -----
