---
source: tests/int/use_command/own_modules.rs
info:
  program: crawk
  args:
    - use
    - main
    - "-r"
    - "-t"
    - "-e"
    - "-G"
---
success: true
exit_code: 0
----- stdout -----
crate::cli::CrawkArgs
crate::cli::validation::validate_depth
crate::cli::validation::validate_module_path
crate::format::deps
crate::format::deps::Edge
crate::format::deps::build_edges
crate::format::deps::render_grouped
crate::format::deps::render_plain
crate::format::flat
crate::format::grouped
crate::format::list
crate::format::truncate_and_dedup
crawk::AnalysisOptions
crawk::AnalysisResult
crawk::Analyzer
crawk::ModuleInfo
crawk::PathPrefix
crawk::TypeReference
crawk::version

----- stderr -----
