---
source: tests/int/use_command/flags.rs
info:
  program: crawk
  args:
    - "-p"
    - fixtures/modules
    - use
    - inline_modules
    - "-r"
    - "--resolve-globs"
---
success: true
exit_code: 0
----- stdout -----
crate::dir_module::greet
crate::file_module
crate::file_module::greet
crate::inline_modules::private_inline::_secret

----- stderr -----
