---
source: tests/int/use_command/own_modules.rs
info:
  program: crawk
  args:
    - use
    - parser
    - "-r"
    - "-t"
    - "-e"
---
success: true
exit_code: 0
----- stdout -----
crate::analyzer::expand_groups
crate::cache::ParseCache
crate::constants::PATH_QUALIFIER_CRATE
crate::constants::PATH_QUALIFIER_SELF
crate::constants::PATH_QUALIFIER_SUPER
crate::parser::*
crate::parser::visitor
crate::parser::visitor::*
crate::parser::visitor::ModuleVisitor
crate::reference::GroupItem
crate::reference::GroupItem::Aliased
crate::reference::GroupItem::Glob
crate::reference::GroupItem::Simple
crate::reference::PathPrefix
crate::reference::PathPrefix::Crate
crate::reference::PathPrefix::Super
crate::reference::PathSuffix::Group
crate::reference::TypeReference
crate::utils::MAX_FILE_BYTES
crate::utils::ReadFileError
crate::utils::ReadFileError::TooLarge
crate::utils::descend_inline_module
crate::utils::has_cfg_test
crate::utils::read_source_file

----- stderr -----
