---
source: tests/int/use_command/own_modules.rs
info:
  program: crawk
  args:
    - use
    - crawk
    - "-r"
    - "-t"
---
success: true
exit_code: 0
----- stdout -----
crate::::*
crate::constants::PATH_QUALIFIER_SELF
crate::constants::{ATTR_CFG, LIB_FILE_NAME, MAIN_FILE_NAME, MODULE_FILE_NAME, MODULE_NAME_TEST}
crate::constants::{ATTR_CFG, MODULE_NAME_TEST, PATH_QUALIFIER_CRATE, PATH_QUALIFIER_SELF, PATH_QUALIFIER_SUPER}
crate::discover::ModuleInfo
crate::discover::{CrateInfo, CrateInfoError}
crate::parser::*
crate::parser::{AnalyzerError, CrateAnalyzer}
crate::reference::*
crate::reference::{GroupItem, PathPrefix, PathSuffix, Segments, TypeReference}
crate::reference::{GroupItem, PathPrefix, PathSuffix, TypeReference}
crate::resolve::*
crate::resolve::extract_public_items

----- stderr -----
