---
source: tests/int/use_command/own_modules.rs
info:
  program: crawk
  args:
    - use
    - lib
    - "-t"
    - "-e"
---
success: true
exit_code: 0
----- stdout -----
crate::analyzer::Analyzer
crate::discover::ModuleInfo
crate::discover::ModuleVisibility
crate::error::AnalysisError
crate::model::AnalysisOptions
crate::model::AnalysisResult
crate::reference::GroupItem
crate::reference::PathPrefix
crate::reference::PathSuffix
crate::reference::TypeReference

----- stderr -----
