---
source: tests/int/use_command/own_modules.rs
info:
  program: crawk
  args:
    - use
    - main
    - "-r"
    - "-t"
    - "-e"
    - "--format"
    - grouped
    - "-G"
---
success: true
exit_code: 0
----- stdout -----
main
 - crawk::AnalysisOptions
 - crawk::Analyzer
 - crawk::version
cli
 - crawk::version
cli::overview
 - crawk::version
cli::validation
cli::validation::tests
 - crate::cli::validation::validate_depth
 - crate::cli::validation::validate_module_path
format
 - crawk::TypeReference
format::flat
 - crate::format::truncate_and_dedup
 - crawk::AnalysisResult
format::grouped
 - crate::format::truncate_and_dedup
 - crawk::AnalysisResult
format::list
 - crawk::ModuleInfo
format::tests
 - crate::format::flat
 - crate::format::grouped
 - crate::format::list
logger
 - crate::cli::CrawkArgs

----- stderr -----
