---
source: tests/int/use_command/edge_cases.rs
info:
  program: crawk
  args:
    - use
    - lib
    - "-d"
    - "1"
---
success: true
exit_code: 0
----- stdout -----
crate::analyzer
crate::discover
crate::error
crate::model::{AnalysisOptions, AnalysisResult}
crate::parser
crate::reference::{GroupItem, PathPrefix, PathSuffix, TypeReference}

----- stderr -----
