---
source: tests/int/use_command/flags.rs
info:
  program: crawk
  args:
    - "-p"
    - fixtures/modules
    - use
    - app
    - "-r"
    - "-e"
    - "--format"
    - grouped
---
success: true
exit_code: 0
----- stdout -----
app
 - modules::advanced_globs::*
 - modules::dir_module
 - modules::dir_module::child_dir::greet
 - modules::dir_module::child_file::greet
 - modules::dir_module::greet
 - modules::file_module
 - modules::file_module::greet
 - modules::glob_patterns::*
 - modules::glob_patterns::constants::*
 - modules::glob_patterns::demonstrate_glob_utilities
 - modules::glob_patterns::demonstrate_nested_glob
 - modules::glob_patterns::renamed_special
 - modules::glob_patterns::traits::*
 - modules::glob_patterns::types::*
 - modules::glob_patterns::utilities::*
 - modules::glob_showcase::*
 - modules::inline_modules
 - modules::inline_modules::inner::greet
 - modules::inline_modules::nested::deep::value
 - modules::item_visibility::*
 - modules::item_visibility::PUB_CONST
 - modules::item_visibility::PUB_STATIC
 - modules::item_visibility::PubEnum
 - modules::item_visibility::PubStruct
 - modules::item_visibility::PubTrait
 - modules::mixed
 - modules::mixed::file_child::greet
 - modules::mixed::greet
 - modules::mixed::inline_child::greet
 - modules::nesting
 - modules::nesting::level1::level2::level3::deepest
 - modules::nesting::level1::level2::level3::depth
 - modules::reexports::*
 - modules::visibility
 - modules::visibility::pub_mod::greet

----- stderr -----
