---
source: tests/int/use_command/own_modules.rs
info:
  program: crawk
  args:
    - use
    - lib
    - "-r"
    - "-t"
    - "-e"
    - "-G"
---
success: true
exit_code: 0
----- stdout -----
crate::AnalysisError::ModuleNotFound
crate::analyzer::Analyzer
crate::analyzer::expand_groups
crate::cache::ParseCache
crate::constants::ATTR_CFG
crate::constants::LIB_FILE_NAME
crate::constants::MAIN_FILE_NAME
crate::constants::MODULE_FILE_NAME
crate::constants::MODULE_NAME_TEST
crate::constants::PATH_QUALIFIER_CRATE
crate::constants::PATH_QUALIFIER_SELF
crate::constants::PATH_QUALIFIER_SUPER
crate::discover::CrateInfo
crate::discover::CrateInfoError
crate::discover::ModuleInfo
crate::discover::ModuleVisibility
crate::discover::Result
crate::discover::TargetInfo
crate::discover::TargetKind
crate::error::AnalysisError
crate::error::Result
crate::graph
crate::graph::AnnotatedEdges
crate::graph::Cycle
crate::graph::DependencyGraph
crate::graph::DependencyGraphOptions
crate::graph::Edge
crate::graph::ShortestPaths
crate::graph::build_edges
crate::graph::compute_shortest_paths
crate::graph::cycles::Cycle
crate::graph::cycles::detect_cycles
crate::graph::detect_cycles
crate::graph::edges
crate::graph::edges::AnnotatedEdges
crate::graph::edges::Edge
crate::graph::edges::build_edges
crate::graph::edges::find_module_target
crate::graph::edges::truncate_module_path
crate::graph::find_module_target
crate::graph::find_orphans
crate::graph::orphans::find_orphans
crate::graph::paths::ShortestPaths
crate::graph::paths::compute_shortest_paths
crate::graph::truncate_module_path
crate::model::AnalysisOptions
crate::model::AnalysisResult
crate::parser::AnalyzerError
crate::parser::CrateAnalyzer
crate::parser::Result
crate::parser::visitor
crate::parser::visitor::CollectedReferences
crate::parser::visitor::ModuleVisitor
crate::parser::visitor::resolve_reference
crate::reference::GroupItem
crate::reference::GroupItem::Aliased
crate::reference::GroupItem::Glob
crate::reference::GroupItem::Simple
crate::reference::PathPrefix
crate::reference::PathPrefix::Crate
crate::reference::PathPrefix::Super
crate::reference::PathSuffix
crate::reference::PathSuffix::Group
crate::reference::Segments
crate::reference::TypeReference
crate::resolve::extract_public_items
crate::resolve::resolve_glob
crate::utils::MAX_FILE_BYTES
crate::utils::ReadFileError
crate::utils::ReadFileError::TooLarge
crate::utils::descend_inline_module
crate::utils::has_cfg_test
crate::utils::read_source_file

----- stderr -----
