---
source: tests/int/use_command/own_modules.rs
info:
  program: crawk
  args:
    - use
    - lib
---
success: true
exit_code: 0
----- stdout -----
crate::analyzer::Analyzer
crate::discover::{ModuleInfo, ModuleVisibility, TargetInfo, TargetKind}
crate::error::AnalysisError
crate::graph::{AnnotatedEdges, Cycle, Edge, detect_cycles, find_orphans, truncate_module_path}
crate::model::{AnalysisOptions, AnalysisResult}
crate::reference::{GroupItem, PathPrefix, PathSuffix, TypeReference}

----- stderr -----
