---
source: tests/int/use_command/visibility.rs
info:
  program: crawk
  args:
    - "-p"
    - /home/barcie/coding/crawk/fixtures/modules
    - use
    - "visibility::inner"
    - "--resolve-globs"
---
success: true
exit_code: 0
----- stdout -----
crate::visibility::InternalState
crate::visibility::demonstrate_access
crate::visibility::inner
crate::visibility::internal_helper
crate::visibility::pub_crate_mod
crate::visibility::pub_mod
crate::visibility::pub_super_mod
crate::visibility::restricted_mod

----- stderr -----
