---
source: tests/int/use_command/own_modules.rs
info:
  program: crawk
  args:
    - use
    - lib
    - "-r"
    - "-t"
    - "-e"
---
success: true
exit_code: 0
----- stdout -----
crate::::*
crate::constants::ATTR_CFG
crate::constants::LIB_FILE_NAME
crate::constants::MAIN_FILE_NAME
crate::constants::MODULE_FILE_NAME
crate::constants::MODULE_NAME_TEST
crate::constants::PATH_QUALIFIER_CRATE
crate::constants::PATH_QUALIFIER_SELF
crate::constants::PATH_QUALIFIER_SUPER
crate::module::analyzer::*
crate::module::analyzer::AnalyzerError
crate::module::analyzer::CrateAnalyzer
crate::module::discover::CrateInfo
crate::module::discover::CrateInfoError
crate::module::discover::ModuleInfo
crate::module::path::*
crate::module::path::GroupItem
crate::module::path::PathPrefix
crate::module::path::PathSuffix
crate::module::path::Segments
crate::module::path::TypeReference
crate::module::resolve::*
crate::module::resolve::extract_public_items

----- stderr -----
