---
source: tests/int/use_command/own_modules.rs
info:
  program: crawk
  args:
    - use
    - lib
    - "-r"
    - "-t"
    - "-e"
    - "--format"
    - grouped
    - "-G"
---
success: true
exit_code: 0
----- stdout -----
lib
 - crate::analyzer::Analyzer
 - crate::error::AnalysisError
 - crate::error::Result
 - crate::model::AnalysisOptions
 - crate::model::AnalysisResult
 - crate::reference::GroupItem
 - crate::reference::PathPrefix
 - crate::reference::PathSuffix
 - crate::reference::Segments
 - crate::reference::TypeReference
analyzer
 - crate::discover::CrateInfo
 - crate::discover::ModuleInfo
 - crate::error::AnalysisError
 - crate::error::Result
 - crate::model::AnalysisOptions
 - crate::model::AnalysisResult
 - crate::parser::CrateAnalyzer
 - crate::resolve::resolve_glob
constants
discover
discover::module_tree
 - crate::constants::LIB_FILE_NAME
 - crate::constants::MAIN_FILE_NAME
 - crate::constants::MODULE_FILE_NAME
 - crate::discover::CrateInfo
 - crate::discover::CrateInfoError
 - crate::discover::ModuleInfo
 - crate::discover::Result
 - crate::utils::has_cfg_test
error
 - crate::discover::CrateInfoError
 - crate::parser::AnalyzerError
model
 - crate::reference::TypeReference
model::tests
 - crate::model::AnalysisOptions
 - crate::model::AnalysisResult
parser
 - crate::reference::TypeReference
parser::tests
 - crate::parser::AnalyzerError
 - crate::parser::CrateAnalyzer
 - crate::parser::Result
 - crate::reference::PathPrefix
parser::visitor
 - crate::constants::PATH_QUALIFIER_CRATE
 - crate::constants::PATH_QUALIFIER_SELF
 - crate::constants::PATH_QUALIFIER_SUPER
 - crate::reference::GroupItem
 - crate::reference::PathPrefix
 - crate::reference::TypeReference
 - crate::utils::has_cfg_test
reference
 - crate::constants::PATH_QUALIFIER_SELF
reference::tests
 - crate::reference::GroupItem
 - crate::reference::PathPrefix
 - crate::reference::PathSuffix
 - crate::reference::Segments
 - crate::reference::TypeReference
resolve
 - crate::discover::CrateInfo
 - crate::reference::PathPrefix
 - crate::reference::TypeReference
resolve::tests
 - crate::resolve::extract_public_items
 - crate::resolve::resolve_glob
utils
 - crate::constants::ATTR_CFG
 - crate::constants::MODULE_NAME_TEST
version
version::build_info

----- stderr -----
