---
source: tests/int/use_command/own_modules.rs
info:
  program: crawk
  args:
    - use
    - lib
---
success: true
exit_code: 0
----- stdout -----
crate::analyzer::Analyzer
crate::discover::{ModuleInfo, ModuleVisibility}
crate::error::AnalysisError
crate::model::{AnalysisOptions, AnalysisResult}
crate::reference::{GroupItem, PathPrefix, PathSuffix, TypeReference}

----- stderr -----
