---
source: tests/int/use_command/include_tests.rs
info:
  program: crawk
  args:
    - "-p"
    - fixtures/modules
    - use
    - lib
    - "-r"
    - "-t"
---
success: true
exit_code: 0
----- stdout -----
crate::::*
crate::advanced_globs::Consumer
crate::advanced_globs::MultiImpl
crate::advanced_globs::Provider
crate::advanced_globs::Transformer
crate::advanced_globs::deep_function
crate::advanced_globs::internal::*
crate::advanced_globs::layer1_function
crate::advanced_globs::layer2_function
crate::aliased
crate::custom_path::greet
crate::dir_module
crate::dir_module::child_file
crate::dir_module::greet
crate::file_module
crate::file_module::*
crate::file_module::greet
crate::foo::bar::*
crate::glob_patterns::self_ref::*
crate::glob_showcase::ErrorKind
crate::glob_showcase::Status
crate::glob_showcase::api::{get_data, set_data, delete_data}
crate::glob_showcase::config::client::*
crate::glob_showcase::config::logging::*
crate::glob_showcase::config::server::*
crate::glob_showcase::database::{connect, disconnect, execute}
crate::glob_showcase::errors::{NotFoundError, ValidationError}
crate::glob_showcase::models::{User, Post, Comment}
crate::glob_showcase::traits::{Identifiable, Nameable, Validatable}
crate::glob_showcase::utils::math::{add, subtract}
crate::inline_modules
crate::inline_modules::*
crate::inline_modules::nested::deep::value
crate::item_visibility::PUB_CONST
crate::item_visibility::PUB_STATIC
crate::mixed::file_child::greet
crate::mixed::greet
crate::nesting
crate::nesting::depth
crate::nesting::level1::depth
crate::nesting::level1::level2::*
crate::nesting::level1::level2::depth
crate::nesting::level1::level2::level3
crate::no_pub_items::*
crate::reexports::Foo
crate::visibility
crate::visibility::*
crate::visibility::pub_mod::greet

----- stderr -----
