---
source: tests/int/use_command/own_modules.rs
info:
  program: crawk
  args:
    - use
    - parser
    - "-r"
    - "-t"
    - "-e"
---
success: true
exit_code: 0
----- stdout -----
crate::constants::PATH_QUALIFIER_CRATE
crate::constants::PATH_QUALIFIER_SELF
crate::constants::PATH_QUALIFIER_SUPER
crate::parser::*
crate::reference::GroupItem
crate::reference::PathPrefix
crate::reference::TypeReference
crate::utils::has_cfg_test

----- stderr -----
