---
source: tests/int/use_command/flags.rs
info:
  program: crawk
  args:
    - "-p"
    - fixtures/modules
    - use
    - lib
    - "-r"
    - "-e"
---
success: true
exit_code: 0
----- stdout -----
crate::advanced_globs::Consumer
crate::advanced_globs::MultiImpl
crate::advanced_globs::Provider
crate::advanced_globs::Transformer
crate::advanced_globs::aliased_module::OriginalStruct
crate::advanced_globs::aliased_module::original_name
crate::advanced_globs::deep_function
crate::advanced_globs::enum_variants::*
crate::advanced_globs::internal::*
crate::advanced_globs::layer1::*
crate::advanced_globs::layer1::layer2::*
crate::advanced_globs::layer1::layer2::layer3::*
crate::advanced_globs::layer1_function
crate::advanced_globs::layer2_function
crate::advanced_globs::macro_module::*
crate::advanced_globs::original::*
crate::advanced_globs::shadowing::shadowed_func
crate::advanced_globs::trait_providers::*
crate::advanced_globs::unix_specific::*
crate::advanced_globs::windows_specific::*
crate::aliased
crate::custom_path::greet
crate::dir_module
crate::dir_module::child_file
crate::dir_module::greet
crate::file_module
crate::file_module::*
crate::file_module::greet
crate::foo::bar::*
crate::glob_patterns::constants::*
crate::glob_patterns::mixed_exports::func_one
crate::glob_patterns::mixed_exports::func_three
crate::glob_patterns::mixed_exports::func_two
crate::glob_patterns::mixed_exports::special_function
crate::glob_patterns::outer::*
crate::glob_patterns::outer::inner::*
crate::glob_patterns::self_ref::*
crate::glob_patterns::set_a::*
crate::glob_patterns::set_b::*
crate::glob_patterns::traits::*
crate::glob_patterns::types::*
crate::glob_patterns::utilities::*
crate::glob_showcase::ErrorKind
crate::glob_showcase::Status
crate::glob_showcase::api::*
crate::glob_showcase::api::delete_data
crate::glob_showcase::api::get_data
crate::glob_showcase::api::set_data
crate::glob_showcase::config::all::*
crate::glob_showcase::config::client::*
crate::glob_showcase::config::logging::*
crate::glob_showcase::config::server::*
crate::glob_showcase::database::*
crate::glob_showcase::database::connect
crate::glob_showcase::database::connection::*
crate::glob_showcase::database::disconnect
crate::glob_showcase::database::execute
crate::glob_showcase::database::query::*
crate::glob_showcase::database::transaction::*
crate::glob_showcase::errors::*
crate::glob_showcase::errors::NotFoundError
crate::glob_showcase::errors::ValidationError
crate::glob_showcase::models::*
crate::glob_showcase::models::Comment
crate::glob_showcase::models::Post
crate::glob_showcase::models::User
crate::glob_showcase::traits::*
crate::glob_showcase::traits::Identifiable
crate::glob_showcase::traits::Nameable
crate::glob_showcase::traits::Validatable
crate::glob_showcase::utils::collection::*
crate::glob_showcase::utils::math::*
crate::glob_showcase::utils::math::add
crate::glob_showcase::utils::math::divide
crate::glob_showcase::utils::math::multiply
crate::glob_showcase::utils::math::subtract
crate::glob_showcase::utils::string::*
crate::glob_showcase::utils::string::lowercase
crate::glob_showcase::utils::string::uppercase
crate::inline_modules
crate::inline_modules::*
crate::inline_modules::nested::deep::value
crate::item_visibility::PUB_CONST
crate::item_visibility::PUB_STATIC
crate::mixed::file_child::greet
crate::mixed::greet
crate::nesting
crate::nesting::depth
crate::nesting::level1::depth
crate::nesting::level1::level2::*
crate::nesting::level1::level2::depth
crate::nesting::level1::level2::level3
crate::no_pub_items::*
crate::reexports::Foo
crate::reexports::internal::Baz
crate::reexports::internal::Foo
crate::reexports::internal::INTERNAL_CONST_A
crate::reexports::internal::INTERNAL_CONST_B
crate::reexports::internal::InternalEnum
crate::reexports::internal::InternalTrait
crate::reexports::internal::Qux
crate::reexports::internal::Secret
crate::reexports::internal::internal_helper_1
crate::reexports::internal::internal_helper_2
crate::reexports::types::*
crate::visibility
crate::visibility::*
crate::visibility::pub_mod::greet

----- stderr -----
