---
source: tests/int/use_command/own_modules.rs
info:
  program: crawk
  args:
    - use
    - parser
    - "-t"
    - "-e"
---
success: true
exit_code: 0
----- stdout -----
crate::cache::ParseCache
crate::parser::*
crate::parser::visitor
crate::parser::visitor::ModuleVisitor
crate::reference::PathPrefix
crate::reference::TypeReference
crate::utils::MAX_FILE_BYTES
crate::utils::ReadFileError
crate::utils::descend_inline_module
crate::utils::read_source_file

----- stderr -----
