---
source: tests/int/use_command/flags.rs
info:
  program: crawk
  args:
    - "-p"
    - fixtures/modules
    - use
    - reexports
    - "-r"
    - "-e"
    - "--format"
    - grouped
    - "--resolve-globs"
---
success: true
exit_code: 0
----- stdout -----
reexports
 - crate::file_module
 - crate::nesting
reexports::internal
 - crate::item_visibility::PUB_STATIC
reexports::types
 - crate::visibility

----- stderr -----
