---
source: tests/int/use_command/own_modules.rs
info:
  program: crawk
  args:
    - use
    - lib
    - "-r"
    - "-t"
---
success: true
exit_code: 0
----- stdout -----
crate::analyzer::*
crate::analyzer::Analyzer
crate::cache::ParseCache
crate::constants::PATH_QUALIFIER_SELF
crate::constants::{ATTR_CFG, MODULE_NAME_TEST}
crate::constants::{LIB_FILE_NAME, MAIN_FILE_NAME, MODULE_FILE_NAME}
crate::constants::{PATH_QUALIFIER_CRATE, PATH_QUALIFIER_SELF, PATH_QUALIFIER_SUPER}
crate::discover::CrateInfo
crate::discover::CrateInfoError
crate::discover::ModuleInfo
crate::discover::module_tree::*
crate::discover::{CrateInfo, CrateInfoError, ModuleInfo, Result}
crate::discover::{CrateInfo, ModuleInfo}
crate::error::AnalysisError
crate::error::{AnalysisError, Result}
crate::model::*
crate::model::{AnalysisOptions, AnalysisResult}
crate::parser::*
crate::parser::CrateAnalyzer
crate::parser::visitor::*
crate::reference::*
crate::reference::PathPrefix
crate::reference::PathSuffix
crate::reference::TypeReference
crate::reference::{GroupItem, PathPrefix, PathSuffix, TypeReference}
crate::reference::{GroupItem, PathPrefix, TypeReference}
crate::reference::{GroupItem, PathSuffix, TypeReference}
crate::reference::{PathPrefix, TypeReference}
crate::resolve::*
crate::resolve::resolve_glob
crate::utils::*
crate::utils::has_cfg_test
crate::utils::read_source_file
crate::utils::{MAX_FILE_BYTES, ReadFileError}
crate::utils::{ReadFileError, read_source_file}

----- stderr -----
