---
source: tests/int/use_command/own_modules.rs
info:
  program: crawk
  args:
    - use
    - lib
    - "-r"
    - "-t"
---
success: true
exit_code: 0
----- stdout -----
crate::analyzer::*
crate::analyzer::Analyzer
crate::analyzer::expand_groups
crate::cache::*
crate::cache::ParseCache
crate::constants::PATH_QUALIFIER_SELF
crate::constants::{ATTR_CFG, MODULE_NAME_TEST}
crate::constants::{LIB_FILE_NAME, MAIN_FILE_NAME, MODULE_FILE_NAME}
crate::constants::{PATH_QUALIFIER_CRATE, PATH_QUALIFIER_SELF, PATH_QUALIFIER_SUPER}
crate::discover::CrateInfo
crate::discover::CrateInfoError
crate::discover::module_tree::*
crate::discover::{CrateInfo, CrateInfoError, ModuleInfo, ModuleVisibility, Result, TargetInfo}
crate::discover::{CrateInfo, ModuleInfo, TargetInfo, TargetKind}
crate::discover::{ModuleInfo, ModuleVisibility, TargetInfo, TargetKind}
crate::error::AnalysisError
crate::error::{AnalysisError, Result}
crate::graph::*
crate::graph::cycles::*
crate::graph::cycles::{Cycle, detect_cycles}
crate::graph::edges
crate::graph::edges::*
crate::graph::edges::AnnotatedEdges
crate::graph::edges::build_edges
crate::graph::edges::{AnnotatedEdges, Edge, truncate_module_path}
crate::graph::orphans::*
crate::graph::orphans::find_orphans
crate::graph::{AnnotatedEdges, Cycle, DependencyGraph, DependencyGraphOptions, Edge, detect_cycles, find_orphans, truncate_module_path}
crate::graph::{self, DependencyGraph, DependencyGraphOptions}
crate::model::*
crate::model::AnalysisResult
crate::model::{AnalysisOptions, AnalysisResult}
crate::parser::*
crate::parser::CrateAnalyzer
crate::parser::visitor
crate::parser::visitor::*
crate::parser::visitor::ModuleVisitor
crate::reference::*
crate::reference::GroupItem
crate::reference::GroupItem::Aliased
crate::reference::GroupItem::Glob
crate::reference::GroupItem::Simple
crate::reference::PathPrefix
crate::reference::PathPrefix::Crate
crate::reference::PathPrefix::Super
crate::reference::PathSuffix
crate::reference::PathSuffix::Group
crate::reference::TypeReference
crate::reference::{GroupItem, PathPrefix, PathSuffix, TypeReference}
crate::reference::{GroupItem, PathPrefix, TypeReference}
crate::reference::{PathPrefix, TypeReference}
crate::resolve::*
crate::resolve::resolve_glob
crate::utils::*
crate::utils::ReadFileError::TooLarge
crate::utils::has_cfg_test
crate::utils::{MAX_FILE_BYTES, ReadFileError}
crate::utils::{ReadFileError, descend_inline_module, read_source_file}
crate::utils::{descend_inline_module, read_source_file}

----- stderr -----
