---
source: tests/int/use_command/include_tests.rs
info:
  program: crawk
  args:
    - "-p"
    - /home/barcie/coding/crawk/fixtures/modules
    - use
    - inline_modules
    - "-r"
    - "-t"
    - "-e"
    - "--resolve-globs"
---
success: true
exit_code: 0
----- stdout -----
crate::dir_module::greet
crate::file_module
crate::file_module::greet

----- stderr -----
