---
source: tests/int/use_command/own_modules.rs
info:
  program: crawk
  args:
    - use
    - cli
    - "-r"
    - "-t"
    - "-e"
    - "-G"
---
success: true
exit_code: 0
----- stdout -----
crate::cli::CrawkArgs
crate::cli::CrawkCommands
crate::cli::CrawkOptions
crate::cli::UseArgs
crate::cli::UseOutputFormat
crate::cli::validate_depth
crawk::version

----- stderr -----
