---
source: tests/int/use_command/error_cases.rs
info:
  program: crawk
  args:
    - "-p"
    - /home/barcie/coding/crawk/fixtures/broken_syntax
    - use
    - broken
---
success: false
exit_code: 1
----- stdout -----
[31mERROR[39m Error while analyzing module 'broken': Failed to parse file '[MANIFEST_DIR]/fixtures/broken_syntax/src/broken.rs': expected `!`

----- stderr -----
Error: Error analyzing module 'broken' (file '[MANIFEST_DIR]/fixtures/broken_syntax/src/broken.rs'): Failed to parse file '[MANIFEST_DIR]/fixtures/broken_syntax/src/broken.rs': expected `!`

Caused by:
    Failed to parse file '[MANIFEST_DIR]/fixtures/broken_syntax/src/broken.rs': expected `!`
