---
source: tests/int/use_command/edge_cases.rs
info:
  program: crawk
  args:
    - use
    - lib
    - "--format"
    - grouped
---
success: true
exit_code: 0
----- stdout -----
lib
 - crate::discover::ModuleInfo
 - crate::discover::{CrateInfo, CrateInfoError}
 - crate::parser::{AnalyzerError, CrateAnalyzer}
 - crate::reference::{GroupItem, PathPrefix, PathSuffix, Segments, TypeReference}
 - crate::resolve::extract_public_items

----- stderr -----
