---
source: tests/int/use_command/own_modules.rs
info:
  program: crawk
  args:
    - use
    - crawk
    - "-r"
---
success: true
exit_code: 0
----- stdout -----
crate::analyzer::Analyzer
crate::cache::ParseCache
crate::constants::PATH_QUALIFIER_SELF
crate::constants::{ATTR_CFG, MODULE_NAME_TEST}
crate::constants::{LIB_FILE_NAME, MAIN_FILE_NAME, MODULE_FILE_NAME}
crate::constants::{PATH_QUALIFIER_CRATE, PATH_QUALIFIER_SELF, PATH_QUALIFIER_SUPER}
crate::discover::CrateInfo
crate::discover::CrateInfoError
crate::discover::{CrateInfo, CrateInfoError, ModuleInfo, Result}
crate::discover::{CrateInfo, ModuleInfo}
crate::error::{AnalysisError, Result}
crate::model::{AnalysisOptions, AnalysisResult}
crate::parser::AnalyzerError
crate::parser::CrateAnalyzer
crate::reference::TypeReference
crate::reference::{GroupItem, PathPrefix, PathSuffix, Segments, TypeReference}
crate::reference::{GroupItem, PathPrefix, TypeReference}
crate::reference::{PathPrefix, TypeReference}
crate::resolve::resolve_glob
crate::utils::has_cfg_test

----- stderr -----
