---
source: tests/int/use_command/nesting.rs
info:
  program: crawk
  args:
    - "-p"
    - /home/barcie/coding/crawk/fixtures/modules
    - use
    - "nesting::level1"
    - "-r"
    - "-e"
---
success: true
exit_code: 0
----- stdout -----
crate::nesting::depth
crate::nesting::level1::depth
crate::nesting::level1::level2::depth

----- stderr -----
