---
source: tests/int/use_command/own_modules.rs
info:
  program: crawk
  args:
    - use
    - parser
    - "-r"
    - "-t"
    - "-e"
    - "--format"
    - grouped
    - "-G"
---
success: true
exit_code: 0
----- stdout -----
parser
 - crate::cache::ParseCache
 - crate::parser::visitor
 - crate::parser::visitor::ModuleVisitor
 - crate::reference::PathPrefix
 - crate::reference::TypeReference
 - crate::utils::ReadFileError
 - crate::utils::descend_inline_module
 - crate::utils::read_source_file
parser::tests
 - crate::analyzer::expand_groups
 - crate::parser::AnalyzerError
 - crate::parser::CrateAnalyzer
 - crate::parser::Result
 - crate::reference::GroupItem
 - crate::reference::PathPrefix
 - crate::reference::PathSuffix::Group
 - crate::utils::MAX_FILE_BYTES
 - crate::utils::ReadFileError
parser::visitor
 - crate::constants::PATH_QUALIFIER_CRATE
 - crate::constants::PATH_QUALIFIER_SELF
 - crate::constants::PATH_QUALIFIER_SUPER
 - crate::reference::GroupItem
 - crate::reference::PathPrefix
 - crate::reference::TypeReference
 - crate::utils::has_cfg_test
parser::visitor::tests
 - crate::parser::visitor::CollectedReferences
 - crate::parser::visitor::ModuleVisitor
 - crate::parser::visitor::resolve_reference

----- stderr -----
