---
source: tests/int/use_command/own_modules.rs
info:
  program: crawk
  args:
    - use
    - main
    - "-r"
    - "-t"
    - "-e"
---
success: true
exit_code: 0
----- stdout -----
crate::cli::*
crate::cli::CrawkArgs
crawk::AnalysisOptions
crawk::Analyzer
crawk::TypeReference
crawk::version

----- stderr -----
