---
source: tests/int/use_command/visibility.rs
info:
  program: crawk
  args:
    - "-p"
    - /home/barcie/coding/crawk/fixtures/modules
    - use
    - "visibility::private_mod"
    - "-r"
    - "-e"
    - "--format"
    - grouped
---
success: true
exit_code: 0
----- stdout -----
visibility::private_mod
 - crate::nesting::level1::level2::level3

----- stderr -----
