---
source: tests/int/use_command/own_modules.rs
info:
  program: crawk
  args:
    - use
    - resolve
    - "-r"
    - "-t"
    - "-e"
    - "-G"
---
success: true
exit_code: 0
----- stdout -----
crate::cache::ParseCache
crate::discover::CrateInfo
crate::reference::PathPrefix
crate::reference::TypeReference

----- stderr -----
