---
source: tests/int/use_command/own_modules.rs
info:
  program: crawk
  args:
    - use
    - cli
    - "-r"
---
success: true
exit_code: 0
----- stdout -----
crate::cli::overview::generate_after_help
crate::cli::validation::{validate_depth, validate_module_path}
crawk::version
crawk::version::LONG_VERSION_MESSAGE
crawk::version::VERSION

----- stderr -----
