---
source: tests/int/use_command/include_tests.rs
info:
  program: crawk
  args:
    - "-p"
    - /home/barcie/coding/crawk/fixtures/modules
    - use
    - reexports
    - "-r"
    - "-t"
    - "-e"
    - "--resolve-globs"
---
success: true
exit_code: 0
----- stdout -----
crate::file_module
crate::item_visibility::PUB_STATIC
crate::nesting
crate::visibility

----- stderr -----
