---
source: tests/int/use_command/own_modules.rs
info:
  program: crawk
  args:
    - use
    - discover
    - "-r"
    - "-t"
    - "-e"
    - "--format"
    - grouped
    - "-G"
---
success: true
exit_code: 0
----- stdout -----
discover
discover::module_tree
 - crate::constants::ATTR_CFG
 - crate::constants::LIB_FILE_NAME
 - crate::constants::MAIN_FILE_NAME
 - crate::constants::MODULE_FILE_NAME
 - crate::constants::MODULE_NAME_TEST
 - crate::discover::CrateInfo
 - crate::discover::CrateInfoError
 - crate::discover::ModuleInfo
 - crate::discover::Result

----- stderr -----
