---
source: tests/int/use_command/flags.rs
info:
  program: crawk
  args:
    - "-p"
    - fixtures/modules
    - use
    - inline_modules
    - "-r"
    - "-e"
    - "--format"
    - grouped
---
success: true
exit_code: 0
----- stdout -----
inline_modules
 - crate::file_module::greet
 - crate::inline_modules::private_inline::_secret
inline_modules::inner
 - crate::file_module
inline_modules::nested
inline_modules::nested::deep
 - crate::dir_module::greet
inline_modules::private_inline

----- stderr -----
