---
source: tests/int/use_command/own_modules.rs
info:
  program: crawk
  args:
    - use
    - "module::analyzer"
    - "-t"
---
success: true
exit_code: 0
----- stdout -----
crate::constants::{ATTR_CFG, MODULE_NAME_TEST, PATH_QUALIFIER_CRATE, PATH_QUALIFIER_SELF, PATH_QUALIFIER_SUPER}
crate::module::analyzer::*
crate::module::path::{GroupItem, PathPrefix, PathSuffix, TypeReference}

----- stderr -----
