---
source: tests/int/use_command/include_tests.rs
info:
  program: crawk
  args:
    - "-p"
    - fixtures/modules
    - use
    - glob_patterns
    - "-r"
    - "-t"
    - "-e"
    - "--resolve-globs"
---
success: true
exit_code: 0
----- stdout -----
crate::dir_module
crate::file_module
crate::glob_patterns::self_ref::self_func_1
crate::glob_patterns::self_ref::self_func_2

----- stderr -----
