---
source: tests/int/use_command/edge_cases.rs
info:
  program: crawk
  args:
    - use
    - lib
    - "-g"
---
success: true
exit_code: 0
----- stdout -----
lib
 - crate::module::analyzer::{AnalyzerError, CrateAnalyzer}
 - crate::module::discover::ModuleInfo
 - crate::module::discover::{CrateInfo, CrateInfoError}
 - crate::module::path::{GroupItem, PathPrefix, PathSuffix, Segments, TypeReference}
 - crate::module::resolve::extract_public_items

----- stderr -----
