---
source: tests/int/use_command/own_modules.rs
info:
  program: crawk
  args:
    - use
    - parser
    - "-r"
    - "-t"
    - "-e"
    - "-G"
---
success: true
exit_code: 0
----- stdout -----
crate::cache::ParseCache
crate::constants::PATH_QUALIFIER_CRATE
crate::constants::PATH_QUALIFIER_SELF
crate::constants::PATH_QUALIFIER_SUPER
crate::parser::AnalyzerError
crate::parser::CrateAnalyzer
crate::parser::Result
crate::parser::visitor::CollectedReferences
crate::parser::visitor::ModuleVisitor
crate::parser::visitor::resolve_reference
crate::reference::GroupItem
crate::reference::PathPrefix
crate::reference::TypeReference
crate::utils::MAX_FILE_BYTES
crate::utils::ReadFileError
crate::utils::descend_inline_module
crate::utils::has_cfg_test
crate::utils::read_source_file

----- stderr -----
