---
source: tests/int/use_command/edge_cases.rs
info:
  program: crawk
  args:
    - use
    - lib
    - "-r"
    - "-t"
    - "-e"
    - "--format"
    - grouped
    - "-G"
    - "-d"
    - "2"
---
success: true
exit_code: 0
----- stdout -----
lib
 - crate::analyzer::Analyzer
 - crate::error::AnalysisError
 - crate::model::AnalysisOptions
 - crate::model::AnalysisResult
 - crate::parser::AnalyzerError
 - crate::reference::GroupItem
 - crate::reference::PathPrefix
 - crate::reference::PathSuffix
 - crate::reference::TypeReference
analyzer
 - crate::cache::ParseCache
 - crate::discover::CrateInfo
 - crate::discover::ModuleInfo
 - crate::error::AnalysisError
 - crate::error::Result
 - crate::model::AnalysisOptions
 - crate::model::AnalysisResult
 - crate::parser::CrateAnalyzer
 - crate::reference::GroupItem
 - crate::reference::PathSuffix
 - crate::reference::TypeReference
 - crate::resolve::resolve_glob
analyzer::tests
 - crate::analyzer::Analyzer
 - crate::analyzer::expand_groups
 - crate::reference::PathSuffix
cache
constants
discover
 - crate::cache::ParseCache
discover::module_tree
 - crate::cache::ParseCache
 - crate::constants::LIB_FILE_NAME
 - crate::constants::MAIN_FILE_NAME
 - crate::constants::MODULE_FILE_NAME
 - crate::discover::CrateInfo
 - crate::discover::CrateInfoError
 - crate::discover::ModuleInfo
 - crate::discover::Result
 - crate::utils::has_cfg_test
discover::module_tree::tests
error
 - crate::discover::CrateInfoError
 - crate::parser::AnalyzerError
model
 - crate::reference::TypeReference
model::tests
 - crate::model::AnalysisOptions
 - crate::model::AnalysisResult
parser
 - crate::cache::ParseCache
 - crate::reference::TypeReference
 - crate::utils::ReadFileError
 - crate::utils::read_source_file
parser::tests
 - crate::parser::AnalyzerError
 - crate::parser::CrateAnalyzer
 - crate::parser::Result
 - crate::reference::PathPrefix
 - crate::utils::MAX_FILE_BYTES
 - crate::utils::ReadFileError
parser::visitor
 - crate::constants::PATH_QUALIFIER_CRATE
 - crate::constants::PATH_QUALIFIER_SELF
 - crate::constants::PATH_QUALIFIER_SUPER
 - crate::reference::GroupItem
 - crate::reference::PathPrefix
 - crate::reference::TypeReference
 - crate::utils::has_cfg_test
parser::visitor::tests
 - crate::parser::visitor
reference
 - crate::constants::PATH_QUALIFIER_SELF
reference::tests
 - crate::reference::GroupItem
 - crate::reference::PathPrefix
 - crate::reference::PathSuffix
 - crate::reference::Segments
 - crate::reference::TypeReference
resolve
 - crate::cache::ParseCache
 - crate::discover::CrateInfo
 - crate::reference::PathPrefix
 - crate::reference::TypeReference
 - crate::utils::read_source_file
resolve::tests
 - crate::resolve::extract_public_items
 - crate::resolve::resolve_glob
utils
 - crate::constants::ATTR_CFG
 - crate::constants::MODULE_NAME_TEST
utils::tests
 - crate::utils::MAX_FILE_BYTES
 - crate::utils::ReadFileError
 - crate::utils::has_cfg_test
 - crate::utils::read_source_file
version
version::build_info

----- stderr -----
