---
source: tests/int/use_command/depth.rs
info:
  program: crawk
  args:
    - "-p"
    - /home/barcie/coding/crawk/fixtures/modules
    - use
    - glob_showcase
    - "-d"
    - "2"
---
success: true
exit_code: 0
----- stdout -----
crate::file_module::*
crate::inline_modules::*
crate::nesting::level1

----- stderr -----
