---
source: tests/int/use_command/own_modules.rs
info:
  program: crawk
  args:
    - use
    - crawk
    - "-e"
    - "-G"
---
success: true
exit_code: 0
----- stdout -----
crate::analyzer::Analyzer
crate::discover::ModuleInfo
crate::discover::ModuleVisibility
crate::discover::TargetInfo
crate::discover::TargetKind
crate::error::AnalysisError
crate::graph::AnnotatedEdges
crate::graph::Cycle
crate::graph::Edge
crate::graph::detect_cycles
crate::graph::find_orphans
crate::graph::truncate_module_path
crate::model::AnalysisOptions
crate::model::AnalysisResult
crate::reference::GroupItem
crate::reference::PathPrefix
crate::reference::PathSuffix
crate::reference::TypeReference

----- stderr -----
