---
source: tests/int/use_command/overview.rs
info:
  program: crawk
  args:
    - use
    - "--help"
---
success: true
exit_code: 0
----- stdout -----
Analyze a module and report all internal crate references

Inspects the given module's source and reports all internal crate
references — not only `use` statements, but also qualified paths in
type annotations, trait bounds, struct literals, and macro invocations.

MODULE_PATH: use `::` separated segments without `crate::` prefix.
  e.g. "utils", "parser::visitor"

Valid root targets: "lib" (library), "main" or binary name (e.g. "crawk").
Any submodule path within those targets is also accepted.

Empty output (exit 0) means no internal crate dependencies were found.

Note: global options (-p, -v, -l) must appear before the subcommand:
  crawk -p /path/to/crate use parser   ← correct
  crawk use parser -p /path/to/crate   ← error

Usage: crawk use [OPTIONS] <MODULE_PATH>

Arguments:
  <MODULE_PATH>
          Module path relative to the crate root (e.g., "utils" or "foo::bar::baz")

Options:
  -r, --recursive
          Recursively analyze all submodules (disabled by default)

  -t, --include-tests
          Include modules defined in `#[cfg(test)]` blocks (excluded by default)

  -e, --expand
          Expand grouped imports into individual paths
          
          e.g., a::{x, y} becomes a::x, a::y

  -d, --depth <DEPTH>
          Truncate displayed dependency paths to at most N segments.
          Paths with ≤N segments are shown unchanged. After truncation,
          duplicates are removed and the result is sorted.
          
          Caveat: grouped imports (e.g. crate::foo::{A, B}) count as 1
          segment (just "foo"); they are not truncated even at --depth 1.
          Use --expand first if you want individual items truncated.
          
          e.g., --depth 1: crate::foo::Bar → crate::foo
                --depth 2: crate::foo::Bar → crate::foo::Bar (unchanged)

  -f, --format <FORMAT>
          Output format
          
          plain   — flat sorted list (default)
          grouped — grouped by source module

          Possible values:
          - plain:   Flat sorted list (default)
          - grouped: Grouped by source module
          
          [default: plain]

  -G, --resolve-globs
          Resolve glob imports (`use crate::foo::*`) to explicit items
          
          When enabled, glob imports are expanded into the individual items
          they resolve to based on the target module's public API.
          
          e.g., foo::* becomes foo::Bar, foo::Baz
          
          Note: globs inside groups (e.g. crate::foo::{Bar, *}) are only
          resolved when --expand is also active. Use -e -G together to fully
          flatten all grouped and glob imports.
          Unresolvable globs (private or missing targets) are kept as `*`.

  -h, --help
          Print help (see a summary with '-h')

----- stderr -----
