---
source: tests/int/use_command/flags.rs
info:
  program: crawk
  args:
    - "-p"
    - fixtures/modules
    - use
    - advanced_globs
    - "-r"
    - "-e"
    - "--format"
    - grouped
---
success: true
exit_code: 0
----- stdout -----
advanced_globs
 - crate::advanced_globs::aliased_module::OriginalStruct
 - crate::advanced_globs::aliased_module::original_name
 - crate::advanced_globs::enum_variants::*
 - crate::advanced_globs::internal::*
 - crate::advanced_globs::layer1::*
 - crate::advanced_globs::macro_module::*
 - crate::advanced_globs::original::*
 - crate::advanced_globs::shadowing::shadowed_func
 - crate::advanced_globs::trait_providers::*
 - crate::advanced_globs::unix_specific::*
 - crate::advanced_globs::windows_specific::*
 - crate::dir_module::child_file
 - crate::dir_module::child_file::greet
 - crate::file_module
 - crate::file_module::greet
 - crate::visibility
 - crate::visibility::pub_mod::greet
advanced_globs::aliased_module
advanced_globs::enum_variants
advanced_globs::internal
advanced_globs::layer1
 - crate::advanced_globs::layer1::layer2::*
advanced_globs::layer1::layer2
 - crate::advanced_globs::layer1::layer2::layer3::*
advanced_globs::layer1::layer2::layer3
advanced_globs::macro_module
advanced_globs::original
advanced_globs::prelude
 - crate::advanced_globs::Consumer
 - crate::advanced_globs::MultiImpl
 - crate::advanced_globs::Provider
 - crate::advanced_globs::Transformer
 - crate::advanced_globs::deep_function
 - crate::advanced_globs::layer1_function
 - crate::advanced_globs::layer2_function
advanced_globs::shadowing
advanced_globs::trait_providers
advanced_globs::unix_specific
advanced_globs::windows_specific

----- stderr -----
