---
source: tests/int/use_command/depth.rs
info:
  program: crawk
  args:
    - "-p"
    - fixtures/modules
    - use
    - reexports
    - "-e"
    - "-d"
    - "2"
---
success: true
exit_code: 0
----- stdout -----
crate::file_module
crate::nesting
crate::reexports::internal
crate::reexports::types::*

----- stderr -----
