---
source: tests/int/use_command/own_modules.rs
info:
  program: crawk
  args:
    - use
    - lib
    - "-r"
    - "-t"
    - "-e"
    - "--format"
    - grouped
    - "-G"
---
success: true
exit_code: 0
----- stdout -----
lib
 - crate::analyzer::Analyzer
 - crate::discover::ModuleInfo
 - crate::discover::ModuleVisibility
 - crate::discover::TargetInfo
 - crate::discover::TargetKind
 - crate::error::AnalysisError
 - crate::graph::AnnotatedEdges
 - crate::graph::Cycle
 - crate::graph::DependencyGraph
 - crate::graph::DependencyGraphOptions
 - crate::graph::Edge
 - crate::graph::ShortestPaths
 - crate::model::AnalysisOptions
 - crate::model::AnalysisResult
 - crate::reference::GroupItem
 - crate::reference::PathPrefix
 - crate::reference::PathSuffix
 - crate::reference::TypeReference
 - crate::rules::CheckOptions
 - crate::rules::CheckReport
 - crate::rules::Violation
 - crate::rules::ViolationKind
analyzer
 - crate::cache::ParseCache
 - crate::discover::CrateInfo
 - crate::discover::ModuleInfo
 - crate::discover::TargetInfo
 - crate::discover::TargetKind
 - crate::error::AnalysisError
 - crate::error::Result
 - crate::graph
 - crate::graph::DependencyGraph
 - crate::graph::DependencyGraphOptions
 - crate::graph::Edge
 - crate::graph::build_edges
 - crate::graph::resolve_reference_target
 - crate::graph::truncate_module_path
 - crate::model::AnalysisOptions
 - crate::model::AnalysisResult
 - crate::parser::CrateAnalyzer
 - crate::reference::GroupItem
 - crate::reference::PathPrefix
 - crate::reference::PathSuffix
 - crate::reference::TypeReference
 - crate::resolve::resolve_glob
 - crate::rules
 - crate::rules::CheckOptions
 - crate::rules::CheckReport
 - crate::rules::RuleSet
 - crate::rules::evaluate
 - crate::rules::resolve_config_path
 - crate::rules::scaffold_config
analyzer::tests
 - crate::analyzer::Analyzer
 - crate::analyzer::expand_groups
 - crate::reference::PathSuffix
cache
cache::tests
 - crate::cache::ParseCache
constants
discover
 - crate::cache::ParseCache
discover::module_tree
 - crate::cache::ParseCache
 - crate::constants::LIB_FILE_NAME
 - crate::constants::MAIN_FILE_NAME
 - crate::constants::MODULE_FILE_NAME
 - crate::discover::CrateInfo
 - crate::discover::CrateInfoError
 - crate::discover::ModuleInfo
 - crate::discover::ModuleVisibility
 - crate::discover::Result
 - crate::discover::TargetInfo
 - crate::utils::ReadFileError
 - crate::utils::has_cfg_test
 - crate::utils::read_source_file
discover::module_tree::tests
discover::tests
 - crate::discover::CrateInfo
 - crate::discover::CrateInfoError
 - crate::discover::ModuleInfo
 - crate::discover::ModuleVisibility
 - crate::discover::Result
 - crate::discover::TargetInfo
 - crate::discover::TargetKind
error
 - crate::discover::CrateInfoError
graph
 - crate::error::AnalysisError::ModuleNotFound
 - crate::error::Result
 - crate::graph::cycles::Cycle
 - crate::graph::cycles::detect_cycles
 - crate::graph::edges
 - crate::graph::edges::AnnotatedEdges
 - crate::graph::edges::Edge
 - crate::graph::edges::build_edges
 - crate::graph::edges::resolve_reference_target
 - crate::graph::edges::truncate_module_path
 - crate::graph::orphans::find_orphans
 - crate::graph::paths::ShortestPaths
 - crate::graph::paths::compute_shortest_paths
graph::cycles
 - crate::graph::edges::AnnotatedEdges
graph::cycles::tests
 - crate::graph::cycles::Cycle
 - crate::graph::cycles::detect_cycles
graph::edges
 - crate::model::AnalysisResult
 - crate::reference::PathPrefix
 - crate::reference::TypeReference
graph::edges::tests
 - crate::graph::edges::AnnotatedEdges
 - crate::graph::edges::Edge
 - crate::graph::edges::build_edges
 - crate::graph::edges::find_module_target
 - crate::graph::edges::resolve_reference_target
 - crate::graph::edges::truncate_module_path
graph::orphans
 - crate::graph::edges::AnnotatedEdges
graph::orphans::tests
 - crate::graph::orphans::find_orphans
graph::paths
 - crate::graph::edges::AnnotatedEdges
 - crate::graph::edges::truncate_module_path
graph::paths::tests
 - crate::graph::paths::ShortestPaths
 - crate::graph::paths::compute_shortest_paths
graph::tests
 - crate::graph::AnnotatedEdges
 - crate::graph::Cycle
 - crate::graph::DependencyGraph
 - crate::graph::DependencyGraphOptions
 - crate::graph::Edge
 - crate::graph::ShortestPaths
 - crate::graph::build_edges
 - crate::graph::compute_shortest_paths
 - crate::graph::detect_cycles
 - crate::graph::find_orphans
 - crate::graph::resolve_reference_target
 - crate::graph::truncate_module_path
model
 - crate::reference::TypeReference
model::tests
 - crate::model::AnalysisOptions
 - crate::model::AnalysisResult
 - crate::reference::TypeReference
parser
 - crate::cache::ParseCache
 - crate::parser::visitor
 - crate::parser::visitor::ModuleVisitor
 - crate::reference::PathPrefix
 - crate::reference::TypeReference
 - crate::utils::ReadFileError
 - crate::utils::descend_inline_module
 - crate::utils::read_source_file
parser::tests
 - crate::analyzer::expand_groups
 - crate::parser::AnalyzerError
 - crate::parser::CrateAnalyzer
 - crate::parser::Result
 - crate::reference::GroupItem
 - crate::reference::PathPrefix
 - crate::reference::PathPrefix::Crate
 - crate::reference::PathPrefix::Super
 - crate::reference::PathSuffix::Group
 - crate::utils::MAX_FILE_BYTES
 - crate::utils::ReadFileError
 - crate::utils::ReadFileError::TooLarge
parser::visitor
 - crate::constants::PATH_QUALIFIER_CRATE
 - crate::constants::PATH_QUALIFIER_SELF
 - crate::constants::PATH_QUALIFIER_SUPER
 - crate::reference::GroupItem
 - crate::reference::GroupItem::Aliased
 - crate::reference::GroupItem::Glob
 - crate::reference::GroupItem::Simple
 - crate::reference::PathPrefix
 - crate::reference::TypeReference
 - crate::utils::has_cfg_test
parser::visitor::tests
 - crate::parser::visitor::CollectedReferences
 - crate::parser::visitor::ModuleVisitor
 - crate::parser::visitor::resolve_reference
reference
 - crate::constants::PATH_QUALIFIER_SELF
reference::tests
 - crate::reference::GroupItem
 - crate::reference::PathPrefix
 - crate::reference::PathSuffix
 - crate::reference::Segments
 - crate::reference::TypeReference
resolve
 - crate::cache::ParseCache
 - crate::discover::CrateInfo
 - crate::reference::PathPrefix
 - crate::reference::TypeReference
 - crate::utils::descend_inline_module
 - crate::utils::read_source_file
resolve::tests
 - crate::resolve::extract_public_items
 - crate::resolve::resolve_glob
rules
 - crate::graph::DependencyGraphOptions
 - crate::rules::eval::evaluate
 - crate::rules::load::resolve_config_path
 - crate::rules::load::scaffold_config
rules::eval
 - crate::graph::DependencyGraph
 - crate::rules::CheckReport
 - crate::rules::LayerPos
 - crate::rules::RuleSet
 - crate::rules::Violation
 - crate::rules::ViolationKind
rules::eval::tests
 - crate::rules::DenyRule
 - crate::rules::LayerRule
 - crate::rules::ModulePattern
 - crate::rules::RuleSet
 - crate::rules::ViolationKind
 - crate::rules::ViolationKind::Deny
 - crate::rules::ViolationKind::Layer
rules::load
 - crate::error::AnalysisError
 - crate::error::Result
 - crate::rules::DenyRule
 - crate::rules::LayerRule
 - crate::rules::ModulePattern
 - crate::rules::RuleSet
rules::load::tests
 - crate::rules::load::resolve_config_path
 - crate::rules::load::scaffold
 - crate::rules::load::scaffold_config
utils
 - crate::constants::ATTR_CFG
 - crate::constants::MODULE_NAME_TEST
utils::tests
 - crate::utils::MAX_FILE_BYTES
 - crate::utils::ReadFileError
 - crate::utils::descend_inline_module
 - crate::utils::has_cfg_test
 - crate::utils::read_source_file
version

----- stderr -----
