---
source: tests/int/use_command/own_modules.rs
info:
  program: crawk
  args:
    - use
    - cli
    - "-r"
    - "-t"
    - "-e"
---
success: true
exit_code: 0
----- stdout -----
crate::cli::overview::generate_after_help
crate::cli::validation::*
crate::cli::validation::validate_depth
crate::cli::validation::validate_module_path
crawk::version
crawk::version::LONG_VERSION_MESSAGE
crawk::version::VERSION

----- stderr -----
