---
source: tests/int/use_command/own_modules.rs
info:
  program: crawk
  args:
    - use
    - parser
    - "-r"
    - "-t"
    - "-e"
    - "-g"
    - "-G"
---
success: true
exit_code: 0
----- stdout -----
parser
 - crate::reference::TypeReference
parser::tests
 - crate::parser::AnalyzerError
 - crate::parser::CrateAnalyzer
 - crate::parser::FileReferences
 - crate::parser::Result
 - crate::reference::PathPrefix
parser::visitor
 - crate::constants::ATTR_CFG
 - crate::constants::MODULE_NAME_TEST
 - crate::constants::PATH_QUALIFIER_CRATE
 - crate::constants::PATH_QUALIFIER_SELF
 - crate::constants::PATH_QUALIFIER_SUPER
 - crate::reference::GroupItem
 - crate::reference::PathPrefix
 - crate::reference::PathSuffix
 - crate::reference::TypeReference

----- stderr -----
