---
source: tests/int/use_command/own_modules.rs
info:
  program: crawk
  args:
    - use
    - lib
    - "-t"
    - "-e"
---
success: true
exit_code: 0
----- stdout -----
crate::::*
crate::discover::CrateInfo
crate::discover::CrateInfoError
crate::discover::ModuleInfo
crate::parser::AnalyzerError
crate::parser::CrateAnalyzer
crate::reference::GroupItem
crate::reference::PathPrefix
crate::reference::PathSuffix
crate::reference::Segments
crate::reference::TypeReference
crate::resolve::extract_public_items

----- stderr -----
