---
source: tests/int/use_command/own_modules.rs
info:
  program: crawk
  args:
    - use
    - parser
    - "-t"
---
success: true
exit_code: 0
----- stdout -----
crate::cache::ParseCache
crate::parser::*
crate::reference::PathPrefix
crate::reference::TypeReference
crate::utils::{MAX_FILE_BYTES, ReadFileError}
crate::utils::{ReadFileError, descend_inline_module, read_source_file}

----- stderr -----
