---
source: tests/int/use_command/own_modules.rs
info:
  program: crawk
  args:
    - use
    - discover
    - "-r"
    - "-t"
---
success: true
exit_code: 0
----- stdout -----
crate::analyzer::ParseCache
crate::constants::{LIB_FILE_NAME, MAIN_FILE_NAME, MODULE_FILE_NAME}
crate::discover::{CrateInfo, CrateInfoError, ModuleInfo, Result}
crate::utils::has_cfg_test

----- stderr -----
