---
source: tests/int/use_command/own_modules.rs
info:
  program: crawk
  args:
    - use
    - discover
    - "-r"
    - "-t"
    - "-e"
    - "-G"
---
success: true
exit_code: 0
----- stdout -----
crate::constants::LIB_FILE_NAME
crate::constants::MAIN_FILE_NAME
crate::constants::MODULE_FILE_NAME
crate::discover::CrateInfo
crate::discover::CrateInfoError
crate::discover::ModuleInfo
crate::discover::Result
crate::utils::has_cfg_test

----- stderr -----
