---
source: tests/int/use_command/own_modules.rs
info:
  program: crawk
  args:
    - use
    - crawk
    - "-r"
    - "-t"
    - "-e"
---
success: true
exit_code: 0
----- stdout -----
crate::analyzer::Analyzer
crate::constants::ATTR_CFG
crate::constants::LIB_FILE_NAME
crate::constants::MAIN_FILE_NAME
crate::constants::MODULE_FILE_NAME
crate::constants::MODULE_NAME_TEST
crate::constants::PATH_QUALIFIER_CRATE
crate::constants::PATH_QUALIFIER_SELF
crate::constants::PATH_QUALIFIER_SUPER
crate::discover::CrateInfo
crate::discover::CrateInfoError
crate::discover::ModuleInfo
crate::discover::Result
crate::error::AnalysisError
crate::error::Result
crate::model::*
crate::model::AnalysisOptions
crate::model::AnalysisResult
crate::parser::*
crate::parser::AnalyzerError
crate::parser::CrateAnalyzer
crate::reference::*
crate::reference::GroupItem
crate::reference::PathPrefix
crate::reference::PathSuffix
crate::reference::Segments
crate::reference::TypeReference
crate::resolve::*
crate::resolve::resolve_glob
crate::utils::has_cfg_test

----- stderr -----
