---
source: tests/int/use_command/depth.rs
info:
  program: crawk
  args:
    - "-p"
    - fixtures/modules
    - use
    - glob_showcase
    - "-d"
    - "1"
---
success: true
exit_code: 0
----- stdout -----
crate::file_module::*
crate::glob_showcase
crate::inline_modules::*
crate::nesting

----- stderr -----
