---
source: tests/int/use_command/flags.rs
info:
  program: crawk
  args:
    - "-p"
    - /home/barcie/coding/crawk/modules
    - use
    - dir_module
    - "-r"
    - "-e"
    - "--grouped"
    - "--resolve-globs"
---
success: true
exit_code: 0
----- stdout -----
dir_module
 - crate::inline_modules::nested::deep::value
dir_module::child_dir
 - crate::file_module::greet
dir_module::child_file
 - crate::dir_module::greet

----- stderr -----
