---
source: tests/int/deps_command/overview.rs
info:
  program: crawk
  args:
    - deps
    - "--help"
---
success: true
exit_code: 0
----- stdout -----
Show inter-module dependency graph for the entire crate

Analyzes every module in every compilation target (lib, binaries, and
optionally integration tests) and reports which modules import from
which other modules. Each line is one directed dependency edge:

  source -> target

Both `source` and `target` are `::` separated module paths. The graph
covers intra-target dependencies: references that cross target boundaries
(e.g. a binary importing from the lib via the package name) are tracked
as `crate::` qualified paths and therefore included automatically.

The graph is built from every internal `crate::` reference found — not
just `use` statements, but also qualified paths in type annotations,
trait bounds, struct literals, and macro invocations.

Output is sorted alphabetically by source then target. Duplicate edges
(produced by depth truncation or multiple references to the same module)
and self-loops are removed automatically.

Empty output (exit 0) means no inter-module dependencies were found.

Use --depth 1 for a bird's-eye view of top-level module relationships.
Use --format dot to pipe directly into Graphviz:
  crawk deps -f dot | dot -Tsvg -o deps.svg
  crawk deps -d 1 -f dot | xdot -

Note: global options (-p, -v, -l) must appear before the subcommand.

Usage: crawk deps [OPTIONS]

Options:
  -t, --include-tests
          Include modules defined in `#[cfg(test)]` blocks (excluded by default)

  -d, --depth <DEPTH>
          Truncate module paths to at most N segments.
          
          Applied to **both** source and target of every edge. Edges that become
          identical after truncation (including self-loops such as
          "parser -> parser") are silently removed.
          
          --depth 1  top-level modules only (e.g. "parser", "format")
          --depth 2  top-level + one nesting level (e.g. "format::flat")
          (omit)     full granularity — paths taken as-is from source

  -f, --format <FORMAT>
          Output format
          
          plain   — flat sorted list of edges (default)
          grouped — grouped by source module with fan-out counts
          dot     — Graphviz DOT (pipe to `dot -Tsvg -o deps.svg` or `xdot -`)

          Possible values:
          - plain:   Flat sorted list of edges (default)
          - grouped: Grouped by source module with fan-out counts
          - dot:     Graphviz DOT format
          
          [default: plain]

      --cycles [<CYCLES>]
          Detect and display dependency cycles (strongly connected components)
          
          Reports groups of modules involved in circular dependencies using
          Tarjan's SCC algorithm. Each reported cycle is a maximal set of
          modules where every module can transitively reach every other —
          overlapping loops are merged into one SCC, so a single cycle in
          the output may represent multiple intertwined circular paths.
          
          Without a value or with `detect`: shows only the modules and
          edges that participate in cycles.
          
          With `highlight`: renders the full dependency graph with cycle
          edges visually marked. Only effective with --format dot (uses
          orange bold edges and dashed cluster borders). Plain and grouped
          formats ignore highlight and fall back to detect mode with a
          warning.
          
          Useful combinations:
            --depth 1     cycle detection at top-level module granularity;
                          simplifies large SCCs into a coarser view
            --show-apis   annotates cycle edges with the symbols that
                          create the dependency, helping locate the cause
          
          Empty output means no cycles exist.

          Possible values:
          - detect:    Show only modules and edges involved in cycles (default)
          - highlight: Full dependency graph with cycle edges highlighted.
                       DOT only; plain/grouped fall back to detect with a warning

  -a, --show-apis
          Show API names (symbols) that create each dependency edge
          
          Annotates every edge with the concrete items (types, functions,
          traits, macros, …) that the source module references from the
          target module.
          
          e.g.  analyzer -> reference [GroupItem, PathPrefix, TypeReference]

      --orphans
          List modules with no incoming dependencies (orphans)
          
          Shows modules that no other module depends on — potential dead code
          or disconnected modules. Entry points (lib, main) are included
          since they naturally have no dependents.
          
          Respects --depth (orphans computed on truncated module paths).
          The --format and --show-apis flags are ignored.
          
          Empty output means every module has at least one dependent.

  -h, --help
          Print help (see a summary with '-h')

----- stderr -----
