---
source: tests/int/deps_command/format.rs
info:
  program: crawk
  args:
    - deps
    - "-f"
    - grouped
---
success: true
exit_code: 0
----- stdout -----
analyzer (8)
  -> cache
  -> discover
  -> error
  -> graph
  -> model
  -> parser
  -> reference
  -> resolve

cli (3)
  -> cli::overview
  -> cli::validation
  -> version

cli::overview (1)
  -> version

discover (1)
  -> cache

discover::module_tree (4)
  -> cache
  -> constants
  -> discover
  -> utils

error (1)
  -> discover

format::cycles (1)
  -> lib

format::deps_cmd (1)
  -> lib

format::list_cmd (1)
  -> lib

format::use_cmd (1)
  -> lib

graph (3)
  -> graph::cycles
  -> graph::edges
  -> graph::orphans

graph::cycles (1)
  -> graph::edges

graph::edges (2)
  -> model
  -> reference

graph::orphans (1)
  -> graph::edges

lib (6)
  -> analyzer
  -> discover
  -> error
  -> graph
  -> model
  -> reference

logger (1)
  -> cli

main (9)
  -> cli
  -> format::cycles
  -> format::deps_cmd
  -> format::list_cmd
  -> format::orphans
  -> format::use_cmd
  -> lib
  -> logger
  -> version

model (1)
  -> reference

parser (4)
  -> cache
  -> parser::visitor
  -> reference
  -> utils

parser::visitor (3)
  -> constants
  -> reference
  -> utils

reference (1)
  -> constants

resolve (4)
  -> cache
  -> discover
  -> reference
  -> utils

utils (1)
  -> constants

----- stderr -----
