---
source: tests/int/deps_command/basic.rs
info:
  program: crawk
  args:
    - deps
    - "-t"
---
success: true
exit_code: 0
----- stdout -----
analyzer -> cache
analyzer -> discover
analyzer -> error
analyzer -> graph
analyzer -> model
analyzer -> parser
analyzer -> reference
analyzer -> resolve
analyzer::tests -> analyzer
analyzer::tests -> reference
cache::tests -> cache
cli -> cli::overview
cli -> cli::validation
cli -> version
cli::overview -> version
cli::validation::tests -> cli::validation
common -> lib
common -> version
discover -> cache
discover::module_tree -> cache
discover::module_tree -> constants
discover::module_tree -> discover
discover::module_tree -> utils
discover::module_tree::tests -> discover::module_tree
error -> discover
format::cycles -> lib
format::cycles::tests -> format::cycles
format::deps_cmd -> lib
format::deps_cmd::tests -> format::deps_cmd
format::list_cmd -> lib
format::orphans::tests -> format::orphans
format::use_cmd -> lib
format::use_cmd::tests -> format::use_cmd
format::why_cmd -> lib
graph -> graph::cycles
graph -> graph::edges
graph -> graph::orphans
graph::cycles -> graph::edges
graph::cycles::tests -> graph::cycles
graph::edges -> model
graph::edges -> reference
graph::edges::tests -> graph::edges
graph::orphans -> graph::edges
graph::orphans::tests -> graph::orphans
graph::tests -> graph
lib -> analyzer
lib -> discover
lib -> error
lib -> graph
lib -> model
lib -> reference
logger -> cli
main -> cli
main -> format::cycles
main -> format::deps_cmd
main -> format::list_cmd
main -> format::orphans
main -> format::use_cmd
main -> format::why_cmd
main -> lib
main -> logger
main -> version
model -> reference
model::tests -> model
parser -> cache
parser -> parser::visitor
parser -> reference
parser -> utils
parser::tests -> analyzer
parser::tests -> parser
parser::tests -> reference
parser::tests -> utils
parser::visitor -> constants
parser::visitor -> reference
parser::visitor -> utils
parser::visitor::tests -> parser::visitor
reference -> constants
reference::tests -> reference
resolve -> cache
resolve -> discover
resolve -> reference
resolve -> utils
resolve::tests -> resolve
utils -> constants
utils::tests -> utils

----- stderr -----
