---
source: tests/int/deps_command/basic.rs
info:
  program: crawk
  args:
    - "-p"
    - fixtures/modules
    - deps
    - "-t"
---
success: true
exit_code: 0
----- stdout -----
advanced_globs -> advanced_globs::aliased_module
advanced_globs -> advanced_globs::enum_variants
advanced_globs -> advanced_globs::internal
advanced_globs -> advanced_globs::layer1
advanced_globs -> advanced_globs::macro_module
advanced_globs -> advanced_globs::original
advanced_globs -> advanced_globs::shadowing
advanced_globs -> advanced_globs::trait_providers
advanced_globs -> advanced_globs::unix_specific
advanced_globs -> advanced_globs::windows_specific
advanced_globs -> dir_module::child_file
advanced_globs -> file_module
advanced_globs -> visibility
advanced_globs -> visibility::pub_mod
advanced_globs::layer1 -> advanced_globs::layer1::layer2
advanced_globs::layer1::layer2 -> advanced_globs::layer1::layer2::layer3
advanced_globs::prelude -> advanced_globs
app -> advanced_globs
app -> dir_module
app -> dir_module::child_dir
app -> dir_module::child_file
app -> file_module
app -> glob_patterns
app -> glob_patterns::constants
app -> glob_patterns::traits
app -> glob_patterns::types
app -> glob_patterns::utilities
app -> glob_showcase
app -> inline_modules
app -> inline_modules::inner
app -> inline_modules::nested::deep
app -> item_visibility
app -> mixed
app -> mixed::file_child
app -> mixed::inline_child
app -> nesting
app -> nesting::level1::level2::level3
app -> reexports
app -> visibility
app -> visibility::pub_mod
baz -> foo::bar
custom_path -> item_visibility
dir_module -> inline_modules::nested::deep
dir_module::child_dir -> file_module
dir_module::child_file -> dir_module
file_module -> nesting
foo -> foo::bar
foo::other -> foo::bar
glob_patterns -> dir_module
glob_patterns -> dir_module::child_file
glob_patterns -> file_module
glob_patterns -> glob_patterns::constants
glob_patterns -> glob_patterns::mixed_exports
glob_patterns -> glob_patterns::outer
glob_patterns -> glob_patterns::self_ref
glob_patterns -> glob_patterns::set_a
glob_patterns -> glob_patterns::set_b
glob_patterns -> glob_patterns::traits
glob_patterns -> glob_patterns::types
glob_patterns -> glob_patterns::utilities
glob_patterns::outer -> glob_patterns::outer::inner
glob_showcase -> file_module
glob_showcase -> glob_showcase::api
glob_showcase -> glob_showcase::config::all
glob_showcase -> glob_showcase::database
glob_showcase -> glob_showcase::errors
glob_showcase -> glob_showcase::models
glob_showcase -> glob_showcase::traits
glob_showcase -> glob_showcase::utils::collection
glob_showcase -> glob_showcase::utils::math
glob_showcase -> glob_showcase::utils::string
glob_showcase -> inline_modules
glob_showcase -> nesting::level1::level2
glob_showcase::config::all -> glob_showcase::config::client
glob_showcase::config::all -> glob_showcase::config::logging
glob_showcase::config::all -> glob_showcase::config::server
glob_showcase::database -> glob_showcase::database::connection
glob_showcase::database -> glob_showcase::database::query
glob_showcase::database -> glob_showcase::database::transaction
glob_showcase::prelude -> glob_showcase
glob_showcase::prelude -> glob_showcase::api
glob_showcase::prelude -> glob_showcase::database
glob_showcase::prelude -> glob_showcase::errors
glob_showcase::prelude -> glob_showcase::models
glob_showcase::prelude -> glob_showcase::traits
glob_showcase::prelude -> glob_showcase::utils::math
glob_showcase::utils -> glob_showcase::utils::collection
glob_showcase::utils -> glob_showcase::utils::math
glob_showcase::utils -> glob_showcase::utils::string
group_patterns -> file_module
group_patterns -> nesting
group_patterns -> nesting::level1::level2
group_patterns -> nesting::level1::level2::level3
helpers -> advanced_globs
helpers -> dir_module
helpers -> dir_module::child_dir
helpers -> dir_module::child_file
helpers -> file_module
helpers -> glob_patterns
helpers -> glob_patterns::constants
helpers -> glob_patterns::traits
helpers -> glob_patterns::types
helpers -> glob_patterns::utilities
helpers -> glob_showcase
helpers -> inline_modules
helpers -> inline_modules::inner
helpers -> inline_modules::nested::deep
helpers -> item_visibility
helpers -> mixed
helpers -> mixed::file_child
helpers -> mixed::inline_child
helpers -> nesting
helpers -> nesting::level1::level2::level3
helpers -> reexports
helpers -> visibility
helpers -> visibility::pub_mod
inline_modules -> file_module
inline_modules -> inline_modules::private_inline
inline_modules::inner -> file_module
inline_modules::nested::deep -> dir_module
item_visibility -> reexports
main -> advanced_globs
main -> dir_module
main -> dir_module::child_dir
main -> dir_module::child_file
main -> file_module
main -> glob_patterns
main -> glob_patterns::constants
main -> glob_patterns::traits
main -> glob_patterns::types
main -> glob_patterns::utilities
main -> glob_showcase
main -> inline_modules
main -> inline_modules::inner
main -> inline_modules::nested::deep
main -> item_visibility
main -> mixed
main -> mixed::file_child
main -> mixed::inline_child
main -> nesting
main -> nesting::level1::level2::level3
main -> reexports
main -> visibility
main -> visibility::pub_mod
mixed::file_child -> custom_path
mixed::file_child -> mixed
mixed::inline_child -> mixed::file_child
nesting -> inline_modules
nesting::level1 -> nesting
nesting::level1::level2 -> nesting
nesting::level1::level2::level3 -> nesting
nesting::level1::level2::level3 -> nesting::level1
nesting::level1::level2::level3 -> nesting::level1::level2
reexports -> file_module
reexports -> nesting
reexports -> reexports::internal
reexports -> reexports::types
reexports::internal -> item_visibility
reexports::types -> visibility
tests -> advanced_globs
tests -> advanced_globs::prelude
tests -> glob_patterns
tests -> glob_showcase
tests -> glob_showcase::prelude
tests -> item_visibility
tests -> reexports
uses_empty_glob -> no_pub_items
visibility -> visibility::inner
visibility -> visibility::private_mod
visibility -> visibility::pub_crate_mod
visibility -> visibility::pub_mod
visibility -> visibility::pub_super_mod
visibility -> visibility::restricted_mod
visibility::inner -> visibility
visibility::private_mod -> nesting::level1::level2::level3
visibility::pub_crate_mod -> visibility::pub_mod
visibility::pub_mod -> file_module
visibility::pub_super_mod -> dir_module
visibility::restricted_mod -> nesting

----- stderr -----
