---
source: tests/int/deps_command/cycles.rs
info:
  program: crawk
  args:
    - "-p"
    - fixtures/cycles
    - deps
    - "--cycles"
    - "--show-apis"
---
success: true
exit_code: 0
----- stdout -----
cycle 1 (3 modules)
  alpha -> beta [BetaType]
  beta -> gamma [GammaType]
  gamma -> alpha [AlphaType]

----- stderr -----
