---
source: tests/int/deps_command/depth.rs
info:
  program: crawk
  args:
    - deps
    - "-d"
    - "1"
---
success: true
exit_code: 0
----- stdout -----
analyzer -> cache
analyzer -> discover
analyzer -> error
analyzer -> graph
analyzer -> model
analyzer -> parser
analyzer -> reference
analyzer -> resolve
cli -> version
discover -> cache
discover -> constants
discover -> utils
error -> discover
format -> lib
graph -> model
graph -> reference
lib -> analyzer
lib -> discover
lib -> error
lib -> graph
lib -> model
lib -> reference
logger -> cli
main -> cli
main -> format
main -> lib
main -> logger
main -> version
model -> reference
parser -> cache
parser -> constants
parser -> reference
parser -> utils
reference -> constants
resolve -> cache
resolve -> discover
resolve -> reference
resolve -> utils
utils -> constants

----- stderr -----
