---
source: tests/int/check_command/basic.rs
info:
  program: crawk
  args:
    - "-p"
    - fixtures/cycles
    - check
    - "-c"
    - fixtures/cycles/rules_all_kinds.toml
---
success: false
exit_code: 1
----- stdout -----
crawk check: 6 violations

  DENY     alpha -> beta   (rule: deny alpha -> beta)
  RESTRICT alpha -> beta   (rule: restrict alpha -> [])
  LAYER    alpha -> beta   (rule: layer 'loop' forbids upward dependency (alpha -> beta))
  CYCLE    alpha -> beta   (rule: cycle: alpha, beta, gamma)
  CYCLE    beta -> gamma   (rule: cycle: alpha, beta, gamma)
  CYCLE    gamma -> alpha   (rule: cycle: alpha, beta, gamma)

----- stderr -----
