---
source: tests/int/check_command/cycles.rs
info:
  program: crawk
  args:
    - "-p"
    - fixtures/cycles
    - check
    - "-c"
    - fixtures/cycles/rules_allow_cycle_partial.toml
---
success: false
exit_code: 1
----- stdout -----
[33mWARN[39m allow-cycle [alpha, beta] covers no detected cycle; remove or update it
crawk check: 3 violations

  CYCLE alpha -> beta   (rule: cycle: alpha, beta, gamma)
  CYCLE beta -> gamma   (rule: cycle: alpha, beta, gamma)
  CYCLE gamma -> alpha   (rule: cycle: alpha, beta, gamma)

----- stderr -----
