---
source: tests/int/check_command/error_cases.rs
info:
  program: crawk
  args:
    - "-p"
    - fixtures/check
    - check
    - "-c"
    - fixtures/check/rules_deny_bad_module.toml
---
success: false
exit_code: 2
----- stdout -----

----- stderr -----
Error: Rule references unknown module 'clii' (in rule 'deny clii -> web')
