---
source: tests/int/verbosity.rs
info:
  program: crawk
  args:
    - "-p"
    - fixtures/modules
    - "-v"
    - use
    - nesting
    - "-r"
    - "-e"
---
success: true
exit_code: 0
----- stdout -----
crate::inline_modules
crate::nesting::depth
crate::nesting::level1::depth
crate::nesting::level1::level2::depth

----- stderr -----
INFO Running crawk version
INFO Crate root: fixtures/modules
INFO Resolving module: 'nesting'
INFO Module tree: 'nesting' → [MODULES]/src/nesting/mod.rs, recursive=true
INFO Found submodule: 'nesting::level1' → [MODULES]/src/nesting/level1/mod.rs
INFO Found submodule: 'nesting::level1::level2' → [MODULES]/src/nesting/level1/level2/mod.rs
INFO Found submodule: 'nesting::level1::level2::level3' → [MODULES]/src/nesting/level1/level2/level3.rs
INFO Resolving module: 'nesting::level1'
INFO Resolving module: 'nesting::level1::level2'
INFO File root map: 4 files for 4 modules
INFO Analyzing module: nesting (file: [MODULES]/src/nesting/mod.rs)
INFO Parsed 'nesting': 1 references from [MODULES]/src/nesting/mod.rs
INFO Analyzing module: nesting::level1 (file: [MODULES]/src/nesting/level1/mod.rs)
INFO Parsed 'nesting::level1': 1 references from [MODULES]/src/nesting/level1/mod.rs
INFO Analyzing module: nesting::level1::level2 (file: [MODULES]/src/nesting/level1/level2/mod.rs)
INFO Parsed 'nesting::level1::level2': 1 references from [MODULES]/src/nesting/level1/level2/mod.rs
INFO Analyzing module: nesting::level1::level2::level3 (file: [MODULES]/src/nesting/level1/level2/level3.rs)
INFO Parsed 'nesting::level1::level2::level3': 3 references from [MODULES]/src/nesting/level1/level2/level3.rs
INFO Module file: [MODULES]/src/nesting/mod.rs
