---
source: tests/int/use_command.rs
info:
  program: crawk
  args:
    - use
    - main
    - "-r"
    - "-t"
    - "-e"
    - "-G"
---
success: true
exit_code: 0
----- stdout -----
crate::cli::CrawkArgs
crate::cli::CrawkCommands
crate::cli::CrawkOptions
crate::cli::UseArgs
crate::cli::validate_depth
crawk::AnalysisOptions
crawk::Analyzer
crawk::TypeReference
crawk::version

----- stderr -----
