---
source: tests/int/verbosity.rs
info:
  program: crawk
  args:
    - "-p"
    - /home/barcie/coding/crawk/modules
    - "-vv"
    - use
    - file_module
---
success: true
exit_code: 0
----- stdout -----
[32mINFO[39m Running crawk v0.1.0
[32mINFO[39m Crate root: [MODULES]
[32mINFO[39m Analyzing module: file_module
[32mINFO[39m Analyzing module: file_module (file: [MODULES]/src/file_module.rs)
[32mINFO[39m Analyzed file_module
[34mDEBUG[39m Analyzed TypeReference { segments: Segments(["nesting"]), prefix: Crate, suffix: None }
[32mINFO[39m Found reference: crate::nesting
[34mDEBUG[39m Processing module: file_module
[34mDEBUG[39m Found crate reference: crate::nesting
[34mDEBUG[39m Processing module: file_module complete, found 0 dependencies
[32mINFO[39m Module file: [MODULES]/src/file_module.rs
crate::nesting

----- stderr -----
