---
source: tests/int/verbosity.rs
info:
  program: crawk
  args:
    - "-p"
    - fixtures/modules
    - "-v"
    - use
    - file_module
---
success: true
exit_code: 0
----- stdout -----
[32mINFO[39m Running crawk version
[32mINFO[39m Crate root: fixtures/modules
[32mINFO[39m Resolving module: 'file_module'
[32mINFO[39m Module tree: 'file_module' → [MODULES]/src/file_module.rs, recursive=false
[32mINFO[39m File root map: 1 files for 1 modules
[32mINFO[39m Analyzing module: file_module (file: [MODULES]/src/file_module.rs)
[32mINFO[39m Parsed 'file_module': 1 references from [MODULES]/src/file_module.rs
[32mINFO[39m Module file: [MODULES]/src/file_module.rs
crate::nesting

----- stderr -----
