---
source: tests/int/verbosity.rs
info:
  program: crawk
  args:
    - "-p"
    - fixtures/modules
    - "-v"
    - use
    - file_module
---
success: true
exit_code: 0
----- stdout -----
crate::nesting

----- stderr -----
INFO Running crawk version
INFO Crate root: fixtures/modules
INFO Resolving module: 'file_module'
INFO Module tree: 'file_module' → [MODULES]/src/file_module.rs, recursive=false
INFO Module tree: 'file_module' → [MODULES]/src/file_module.rs, recursive=true
INFO File root map: 1 files for 1 modules
INFO Analyzing module: file_module (file: [MODULES]/src/file_module.rs)
INFO Parsed 'file_module': 1 references from [MODULES]/src/file_module.rs
INFO Module file: [MODULES]/src/file_module.rs
