---
source: tests/int/use_command.rs
info:
  program: crawk
  args:
    - use
    - main
    - "-r"
    - "-t"
    - "-e"
    - "-g"
    - "-G"
---
success: true
exit_code: 0
----- stdout -----
main
 - crawk::AnalysisOptions
 - crawk::Analyzer
 - crawk::TypeReference
 - crawk::version
cli
 - crawk::version
cli::tests
 - crate::cli::CrawkArgs
 - crate::cli::CrawkCommands
 - crate::cli::CrawkOptions
 - crate::cli::UseArgs
 - crate::cli::validate_depth
logger
 - crate::cli::CrawkArgs

----- stderr -----
