---
source: tests/int/verbosity.rs
info:
  program: crawk
  args:
    - "-p"
    - /home/barcie/coding/crawk/fixtures/modules
    - "-v"
    - use
    - file_module
---
success: true
exit_code: 0
----- stdout -----
[32mINFO[39m Running crawk version
[32mINFO[39m Crate root: [MODULES]
[32mINFO[39m Analyzing module: file_module
[32mINFO[39m Analyzing module: file_module (file: [MODULES]/src/file_module.rs)
[32mINFO[39m Analyzed file_module
[32mINFO[39m Found reference: crate::nesting
[32mINFO[39m Module file: [MODULES]/src/file_module.rs
crate::nesting

----- stderr -----
