---
source: tests/int/use_command.rs
info:
  program: crawk
  args:
    - use
    - lib
    - "-t"
    - "-e"
    - "-d"
    - "1"
---
success: true
exit_code: 0
----- stdout -----
crate::module::analyzer::AnalyzerError
crate::module::analyzer::CrateAnalyzer
crate::module::discover::CrateInfo
crate::module::discover::CrateInfoError
crate::module::path::GroupItem
crate::module::path::PathPrefix
crate::module::path::PathSuffix
crate::module::path::Segments
crate::module::path::TypeReference

----- stderr -----
