---
source: tests/int/use_command.rs
info:
  program: crawk
  args:
    - use
    - "analysis::collect"
    - "-t"
    - "-e"
---
success: true
exit_code: 0
----- stdout -----
crate::analysis::visit::UseVisitor
crate::module::expand::is_test_module
crate::module::locate::{find_submodule, get_src_dir}

----- stderr -----
