---
source: tests/int/use_command.rs
info:
  program: crawk
  args:
    - use
    - cli
    - "-t"
    - "-e"
---
success: true
exit_code: 0
----- stdout -----
*
consts::BUILD_TARGET
consts::BUILD_TIMESTAMP
consts::BUILD_USER
consts::CARGO_BIN_NAME
consts::CARGO_PKG_HOMEPAGE
consts::LONG_VERSION_MESSAGE
consts::SDK_VERSION
consts::VERSION_MESSAGE

----- stderr -----
