---
source: tests/int/use_command.rs
info:
  program: crawk
  args:
    - use
    - "module::analyzer"
    - "-t"
    - "-e"
    - "-d"
    - "1"
---
success: true
exit_code: 0
----- stdout -----
crate::constants::ATTR_CFG
crate::constants::MODULE_NAME_TEST
crate::constants::PATH_QUALIFIER_CRATE
crate::constants::PATH_QUALIFIER_SELF
crate::constants::PATH_QUALIFIER_SUPER
crate::module::analyzer::path::GroupItem
crate::module::analyzer::path::PathPrefix
crate::module::analyzer::path::PathSuffix
crate::module::analyzer::path::TypeReference
crate::module::path::GroupItem
crate::module::path::PathPrefix
crate::module::path::PathSuffix
crate::module::path::TypeReference

----- stderr -----
