---
source: tests/int/use_command.rs
info:
  program: crawk
  args:
    - use
    - "--help"
---
success: true
exit_code: 0
----- stdout -----
Analyze a module and list its internal crate `use` statements

Inspects the given module's source and reports all `use` paths that
reference other modules within the same crate.

Usage: crawk use [OPTIONS] <MODULE_PATH>

Arguments:
  <MODULE_PATH>
          Module path relative to the crate root (e.g., "utils" or "foo::bar::baz")

Options:
  -r, --recursive
          Recursively analyze all submodules (disabled by default)

  -t, --include-tests
          Include modules defined in `#[cfg(test)]` blocks (excluded by default)

  -e, --expand
          Expand grouped imports into individual paths
          
          e.g., a::{x, y} becomes a::x, a::y

  -d, --depth <DEPTH>
          Limit displayed module path depth from the crate root
          
          e.g., --depth 1 shows x, --depth 2 shows x::y

  -h, --help
          Print help (see a summary with '-h')

----- stderr -----
