---
source: tests/int/use_command.rs
info:
  program: crawk
  args:
    - use
    - "module::locate"
    - "-t"
    - "-e"
---
success: true
exit_code: 0
----- stdout -----
constants::DEFAULT_SRC_DIR
constants::MODULE_FILE_NAME
constants::PATH_QUALIFIER_CRATE
module::discover
module::expand
module::format
module::locate

----- stderr -----
