---
source: tests/int/use_command.rs
info:
  program: crawk
  args:
    - use
    - "module::expand"
    - "-t"
    - "-e"
---
success: true
exit_code: 0
----- stdout -----
crate::constants::MODULE_NAME_TEST
crate::constants::MODULE_NAME_TESTS
crate::constants::PATH_QUALIFIER_CRATE
crate::constants::PATH_QUALIFIER_SELF
crate::constants::PATH_QUALIFIER_SUPER

----- stderr -----
