---
source: tests/int/use_command.rs
info:
  program: crawk
  args:
    - use
    - "module::locate"
    - "-t"
    - "-e"
---
success: true
exit_code: 0
----- stdout -----
crate::constants::DEFAULT_SRC_DIR
crate::constants::MODULE_FILE_NAME
crate::constants::PATH_QUALIFIER_CRATE

----- stderr -----
