---
source: tests/int/use_command.rs
info:
  program: crawk
  args:
    - use
    - "module::expand"
    - "-t"
---
success: true
exit_code: 0
----- stdout -----
crate::constants::{MODULE_NAME_TEST, MODULE_NAME_TESTS, PATH_QUALIFIER_CRATE, PATH_QUALIFIER_SELF, PATH_QUALIFIER_SUPER}

----- stderr -----
