---
source: tests/int/use_command.rs
info:
  program: crawk
  args:
    - use
    - collector
    - "-t"
    - "-e"
---
success: true
exit_code: 0
----- stdout -----
*
constants::DEFAULT_SRC_DIR
module::expand::is_test_module
module::locate::find_submodule
module::locate::get_src_dir
visitor::UseVisitor

----- stderr -----
